spellchecker: disable
Config file: /home/tron/.config/helix/config.toml
Language file: default
Log file: /home/tron/.cache/helix/helix.log
Runtime directories: /home/tron/.config/helix/runtime;/usr/lib64/helix/runtime;/usr/bin/runtime
Runtime directory does not exist: /home/tron/.config/helix/runtime
Runtime directory does not exist: /usr/bin/runtime
System clipboard provider: wayland (wl-paste+wl-copy)

Language                                Language servers                        Debug adapter                           Formatter                               Highlight                               Textobject                              Indent                                  
ada                                     ✘ ada-language-server                   None                                    None                                    ✓                                       ✓                                       ✘                                       
adl                                     None                                    None                                    None                                    ✓                                       ✓                                       ✓                                       
agda                                    None                                    None                                    None                                    ✓                                       ✘                                       ✘                                       
alloy                                   None                                    None                                    None                                    ✓                                       ✘                                       ✘                                       
amber                                   ✘ amber-lsp                             None                                    None                                    ✓                                       ✘                                       ✘                                       
astro                                   ✘ astro-ls                              None                                    None                                    ✓                                       ✘                                       ✘                                       
awk                                     ✘ awk-language-server                   None                                    None                                    ✓                                       ✓                                       ✘                                       
bash                                    ✓ bash-language-server                  None                                    None                                    ✓                                       ✓                                       ✓                                       
bass                                    ✘ bass                                  None                                    None                                    ✓                                       ✘                                       ✘                                       
beancount                               ✘ beancount-language-server             None                                    None                                    ✓                                       ✘                                       ✘                                       
bibtex                                  ✘ texlab                                None                                    ✘ bibtex-tidy                           ✓                                       ✘                                       ✘                                       
bicep                                   ✘ bicep-langserver                      None                                    None                                    ✓                                       ✘                                       ✘                                       
bitbake                                 ✘ bitbake-language-server               None                                    None                                    ✓                                       ✘                                       ✘                                       
blade                                   None                                    None                                    None                                    ✓                                       ✘                                       ✘                                       
blueprint                               ✘ blueprint-compiler                    None                                    None                                    ✓                                       ✘                                       ✘                                       
c                                       ✘ clangd                                ✓ lldb-dap                              None                                    ✓                                       ✓                                       ✓                                       
c-sharp                                 ✘ omnisharp                             ✘ netcoredbg                            None                                    ✓                                       ✓                                       ✘                                       
cabal                                   ✘ haskell-language-server               None                                    None                                    ✘                                       ✘                                       ✘                                       
caddyfile                               None                                    None                                    ✘ caddy                                 ✓                                       ✓                                       ✓                                       
cairo                                   ✘ cairo-language-server                 None                                    None                                    ✓                                       ✓                                       ✓                                       
capnp                                   None                                    None                                    None                                    ✓                                       ✘                                       ✓                                       
cel                                     None                                    None                                    None                                    ✓                                       ✘                                       ✘                                       
circom                                  ✘ circom-lsp                            None                                    None                                    ✓                                       ✘                                       ✘                                       
clarity                                 ✘ clarinet                              None                                    None                                    ✓                                       ✘                                       ✘                                       
clojure                                 ✘ clojure-lsp                           None                                    None                                    ✓                                       ✘                                       ✘                                       
cmake                                   ✘ neocmakelsp                           None                                    None                                    ✓                                       ✓                                       ✓                                       
                                        ✘ cmake-language-server                 
codeql                                  ✘ codeql                                None                                    None                                    ✓                                       ✓                                       ✘                                       
comment                                 None                                    None                                    None                                    ✓                                       ✘                                       ✘                                       
common-lisp                             ✘ cl-lsp                                None                                    None                                    ✓                                       ✘                                       ✓                                       
cpon                                    None                                    None                                    None                                    ✓                                       ✘                                       ✓                                       
cpp                                     ✘ clangd                                ✓ lldb-dap                              None                                    ✓                                       ✓                                       ✓                                       
crystal                                 ✘ crystalline                           None                                    ✘ crystal                               ✓                                       ✓                                       ✓                                       
                                        ✘ ameba-ls                              
css                                     ✘ vscode-css-language-server            None                                    None                                    ✓                                       ✘                                       ✓                                       
csv                                     None                                    None                                    None                                    ✓                                       ✘                                       ✘                                       
cue                                     ✘ cuelsp                                None                                    ✘ cue                                   ✓                                       ✘                                       ✘                                       
cylc                                    None                                    None                                    None                                    ✓                                       ✓                                       ✓                                       
d                                       ✘ serve-d                               None                                    ✘ dfmt                                  ✓                                       ✓                                       ✓                                       
dart                                    ✘ dart                                  None                                    None                                    ✓                                       ✓                                       ✓                                       
dbml                                    None                                    None                                    None                                    ✓                                       ✘                                       ✘                                       
debian                                  None                                    None                                    None                                    ✓                                       ✘                                       ✘                                       
devicetree                              ✘ dts-lsp                               None                                    None                                    ✓                                       ✘                                       ✘                                       
dhall                                   ✘ dhall-lsp-server                      None                                    ✘ dhall                                 ✓                                       ✓                                       ✘                                       
diff                                    None                                    None                                    None                                    ✓                                       ✘                                       ✘                                       
djot                                    None                                    None                                    None                                    ✓                                       ✘                                       ✘                                       
docker-compose                          ✘ docker-compose-langserver             None                                    None                                    ✓                                       ✓                                       ✓                                       
                                        ✘ yaml-language-server                  
dockerfile                              ✘ docker-langserver                     None                                    None                                    ✓                                       ✓                                       ✘                                       
dot                                     ✘ dot-language-server                   None                                    None                                    ✓                                       ✘                                       ✘                                       
dtd                                     None                                    None                                    None                                    ✓                                       ✘                                       ✘                                       
dune                                    None                                    None                                    ✘ dune                                  ✓                                       ✘                                       ✘                                       
dunstrc                                 None                                    None                                    None                                    ✓                                       ✘                                       ✘                                       
earthfile                               ✘ earthlyls                             None                                    None                                    ✓                                       ✓                                       ✓                                       
edoc                                    None                                    None                                    None                                    ✓                                       ✘                                       ✘                                       
eex                                     None                                    None                                    None                                    ✓                                       ✘                                       ✘                                       
ejs                                     None                                    None                                    None                                    ✓                                       ✘                                       ✘                                       
elisp                                   None                                    None                                    None                                    ✓                                       ✘                                       ✘                                       
elixir                                  ✘ elixir-ls                             None                                    None                                    ✓                                       ✓                                       ✓                                       
elm                                     ✘ elm-language-server                   None                                    None                                    ✓                                       ✓                                       ✘                                       
elvish                                  ✘ elvish                                None                                    None                                    ✓                                       ✘                                       ✘                                       
env                                     None                                    None                                    None                                    ✓                                       ✓                                       ✘                                       
erb                                     None                                    None                                    None                                    ✓                                       ✘                                       ✘                                       
erlang                                  ✘ erlang-ls                             None                                    None                                    ✓                                       ✓                                       ✘                                       
                                        ✘ elp                                   
esdl                                    None                                    None                                    None                                    ✓                                       ✘                                       ✘                                       
fennel                                  ✘ fennel-ls                             None                                    ✘ fnlfmt                                ✓                                       ✘                                       ✘                                       
fga                                     None                                    None                                    None                                    ✓                                       ✓                                       ✓                                       
fidl                                    None                                    None                                    None                                    ✓                                       ✘                                       ✘                                       
fish                                    ✘ fish-lsp                              None                                    ✓ fish_indent                           ✓                                       ✓                                       ✓                                       
forth                                   ✘ forth-lsp                             None                                    None                                    ✓                                       ✘                                       ✘                                       
fortran                                 ✘ fortls                                None                                    None                                    ✓                                       ✘                                       ✓                                       
fsharp                                  ✘ fsharp-ls                             None                                    None                                    ✓                                       ✘                                       ✘                                       
gas                                     ✘ asm-lsp                               None                                    None                                    ✓                                       ✓                                       ✘                                       
gdscript                                None                                    None                                    ✘ gdformat                              ✓                                       ✓                                       ✓                                       
gemini                                  None                                    None                                    None                                    ✓                                       ✘                                       ✘                                       
gherkin                                 None                                    None                                    None                                    ✓                                       ✘                                       ✘                                       
ghostty                                 None                                    None                                    None                                    ✓                                       ✘                                       ✘                                       
git-attributes                          None                                    None                                    None                                    ✓                                       ✘                                       ✘                                       
git-commit                              None                                    None                                    None                                    ✓                                       ✓                                       ✘                                       
git-config                              None                                    None                                    None                                    ✓                                       ✓                                       ✘                                       
git-ignore                              None                                    None                                    None                                    ✓                                       ✘                                       ✘                                       
git-notes                               None                                    None                                    None                                    ✓                                       ✘                                       ✘                                       
git-rebase                              None                                    None                                    None                                    ✓                                       ✘                                       ✘                                       
gjs                                     ✘ typescript-language-server            None                                    None                                    ✓                                       ✓                                       ✓                                       
                                        ✘ vscode-eslint-language-server         
                                        ✘ ember-language-server                 
gleam                                   ✘ gleam                                 None                                    None                                    ✓                                       ✓                                       ✘                                       
glimmer                                 ✘ ember-language-server                 None                                    ✓ prettier                              ✓                                       ✘                                       ✘                                       
glsl                                    ✘ glsl_analyzer                         None                                    None                                    ✓                                       ✓                                       ✓                                       
gn                                      None                                    None                                    ✘ gn                                    ✓                                       ✘                                       ✘                                       
go                                      ✘ gopls                                 ✘ dlv                                   None                                    ✓                                       ✓                                       ✓                                       
                                        ✘ golangci-lint-lsp                     
godot-resource                          None                                    None                                    None                                    ✓                                       ✓                                       ✘                                       
gomod                                   ✘ gopls                                 None                                    None                                    ✓                                       ✘                                       ✘                                       
gotmpl                                  ✘ gopls                                 None                                    None                                    ✓                                       ✘                                       ✘                                       
gowork                                  ✘ gopls                                 None                                    None                                    ✓                                       ✘                                       ✘                                       
gpr                                     ✘ ada-gpr-language-server               None                                    None                                    ✓                                       ✘                                       ✘                                       
graphql                                 ✘ graphql-language-service              None                                    None                                    ✓                                       ✓                                       ✘                                       
gren                                    None                                    None                                    None                                    ✓                                       ✓                                       ✘                                       
groovy                                  None                                    None                                    None                                    ✓                                       ✘                                       ✘                                       
gts                                     ✘ typescript-language-server            None                                    None                                    ✓                                       ✓                                       ✓                                       
                                        ✘ vscode-eslint-language-server         
                                        ✘ ember-language-server                 
hare                                    None                                    None                                    None                                    ✓                                       ✘                                       ✘                                       
haskell                                 ✘ haskell-language-server               None                                    None                                    ✓                                       ✓                                       ✘                                       
haskell-persistent                      None                                    None                                    None                                    ✓                                       ✘                                       ✘                                       
hcl                                     ✘ terraform-ls                          None                                    None                                    ✓                                       ✓                                       ✓                                       
heex                                    ✘ elixir-ls                             None                                    None                                    ✓                                       ✓                                       ✘                                       
helm                                    ✘ helm_ls                               None                                    None                                    ✓                                       ✘                                       ✘                                       
hocon                                   None                                    None                                    None                                    ✓                                       ✓                                       ✓                                       
hoon                                    None                                    None                                    None                                    ✓                                       ✘                                       ✘                                       
hosts                                   None                                    None                                    None                                    ✓                                       ✘                                       ✘                                       
html                                    ✘ vscode-html-language-server           None                                    None                                    ✓                                       ✘                                       ✘                                       
                                        ✘ superhtml                             
htmldjango                              ✘ djlsp                                 None                                    None                                    ✓                                       ✘                                       ✘                                       
                                        ✘ vscode-html-language-server           
                                        ✘ superhtml                             
hurl                                    None                                    None                                    ✘ hurlfmt                               ✓                                       ✓                                       ✓                                       
hyprlang                                ✘ hyprls                                None                                    None                                    ✓                                       ✘                                       ✓                                       
idris                                   ✘ idris2-lsp                            None                                    None                                    ✘                                       ✘                                       ✘                                       
iex                                     None                                    None                                    None                                    ✓                                       ✘                                       ✘                                       
ini                                     None                                    None                                    None                                    ✓                                       ✘                                       ✘                                       
ink                                     None                                    None                                    None                                    ✓                                       ✘                                       ✘                                       
inko                                    None                                    None                                    ✘ inko                                  ✓                                       ✓                                       ✓                                       
janet                                   None                                    None                                    ✘ janet-format                          ✓                                       ✘                                       ✘                                       
java                                    ✘ jdtls                                 None                                    None                                    ✓                                       ✓                                       ✓                                       
javascript                              ✘ typescript-language-server            ✘                                       None                                    ✓                                       ✓                                       ✓                                       
jinja                                   None                                    None                                    None                                    ✓                                       ✘                                       ✘                                       
jjdescription                           None                                    None                                    None                                    ✓                                       ✘                                       ✘                                       
jq                                      ✘ jq-lsp                                None                                    None                                    ✓                                       ✓                                       ✘                                       
jsdoc                                   None                                    None                                    None                                    ✓                                       ✘                                       ✘                                       
json                                    ✘ vscode-json-language-server           None                                    None                                    ✓                                       ✓                                       ✓                                       
json-ld                                 ✘ vscode-json-language-server           None                                    None                                    ✓                                       ✓                                       ✓                                       
json5                                   None                                    None                                    None                                    ✓                                       ✘                                       ✘                                       
jsonc                                   ✘ vscode-json-language-server           None                                    None                                    ✓                                       ✘                                       ✓                                       
jsonnet                                 ✘ jsonnet-language-server               None                                    None                                    ✓                                       ✘                                       ✘                                       
jsx                                     ✘ typescript-language-server            None                                    None                                    ✓                                       ✓                                       ✓                                       
julia                                   ✘ julia                                 None                                    None                                    ✓                                       ✓                                       ✓                                       
just                                    ✘ just-lsp                              None                                    None                                    ✓                                       ✓                                       ✓                                       
kdl                                     None                                    None                                    ✘ kdlfmt                                ✓                                       ✓                                       ✓                                       
koka                                    ✘ koka                                  None                                    None                                    ✓                                       ✘                                       ✓                                       
kotlin                                  ✘ kotlin-language-server                None                                    None                                    ✓                                       ✓                                       ✓                                       
koto                                    ✘ koto-ls                               None                                    None                                    ✓                                       ✓                                       ✓                                       
latex                                   ✘ texlab                                None                                    None                                    ✓                                       ✓                                       ✘                                       
ld                                      None                                    None                                    None                                    ✓                                       ✘                                       ✓                                       
ldif                                    None                                    None                                    None                                    ✓                                       ✘                                       ✘                                       
lean                                    ✘ lean                                  None                                    None                                    ✓                                       ✘                                       ✘                                       
ledger                                  None                                    None                                    None                                    ✓                                       ✘                                       ✘                                       
llvm                                    None                                    None                                    None                                    ✓                                       ✓                                       ✓                                       
llvm-mir                                None                                    None                                    None                                    ✓                                       ✓                                       ✓                                       
llvm-mir-yaml                           None                                    None                                    None                                    ✓                                       ✘                                       ✓                                       
log                                     None                                    None                                    None                                    ✓                                       ✘                                       ✘                                       
lpf                                     None                                    None                                    None                                    ✓                                       ✘                                       ✘                                       
lua                                     ✘ lua-language-server                   None                                    None                                    ✓                                       ✓                                       ✓                                       
luau                                    ✘ luau                                  None                                    None                                    ✓                                       ✓                                       ✓                                       
mail                                    None                                    None                                    None                                    ✓                                       ✓                                       ✘                                       
make                                    None                                    None                                    None                                    ✓                                       ✘                                       ✓                                       
markdoc                                 ✘ markdoc-ls                            None                                    None                                    ✓                                       ✘                                       ✘                                       
markdown                                ✘ marksman                              None                                    None                                    ✓                                       ✘                                       ✘                                       
                                        ✘ markdown-oxide                        
markdown-rustdoc                        None                                    None                                    None                                    ✓                                       ✘                                       ✘                                       
markdown.inline                         None                                    None                                    None                                    ✓                                       ✘                                       ✘                                       
matlab                                  None                                    None                                    None                                    ✓                                       ✓                                       ✓                                       
mermaid                                 None                                    None                                    None                                    ✓                                       ✘                                       ✘                                       
meson                                   ✘ mesonlsp                              None                                    None                                    ✓                                       ✘                                       ✓                                       
mint                                    ✘ mint                                  None                                    None                                    ✘                                       ✘                                       ✘                                       
mojo                                    ✘ mojo-lsp-server                       None                                    ✘ pixi                                  ✓                                       ✓                                       ✓                                       
move                                    None                                    None                                    None                                    ✓                                       ✘                                       ✘                                       
msbuild                                 None                                    None                                    None                                    ✓                                       ✘                                       ✓                                       
nasm                                    ✘ asm-lsp                               None                                    None                                    ✓                                       ✓                                       ✘                                       
nestedtext                              None                                    None                                    None                                    ✓                                       ✓                                       ✓                                       
nginx                                   None                                    None                                    None                                    ✓                                       ✘                                       ✘                                       
nickel                                  ✘ nls                                   None                                    None                                    ✓                                       ✘                                       ✓                                       
nim                                     ✘ nimlangserver                         None                                    None                                    ✓                                       ✓                                       ✓                                       
nix                                     ✘ nil                                   None                                    None                                    ✓                                       ✓                                       ✓                                       
                                        ✘ nixd                                  
nu                                      ✘ nu-lsp                                None                                    None                                    ✓                                       ✘                                       ✘                                       
nunjucks                                None                                    None                                    None                                    ✓                                       ✘                                       ✘                                       
ocaml                                   ✘ ocamllsp                              None                                    None                                    ✓                                       ✘                                       ✓                                       
ocaml-interface                         ✘ ocamllsp                              None                                    None                                    ✓                                       ✘                                       ✘                                       
odin                                    ✘ ols                                   ✓ lldb-dap                              ✘ odinfmt                               ✓                                       ✓                                       ✓                                       
ohm                                     None                                    None                                    None                                    ✓                                       ✓                                       ✓                                       
opencl                                  ✘ clangd                                None                                    None                                    ✓                                       ✓                                       ✓                                       
openscad                                ✘ openscad-lsp                          None                                    None                                    ✓                                       ✘                                       ✘                                       
org                                     None                                    None                                    None                                    ✓                                       ✘                                       ✘                                       
pascal                                  ✘ pasls                                 None                                    None                                    ✓                                       ✓                                       ✘                                       
passwd                                  None                                    None                                    None                                    ✓                                       ✘                                       ✘                                       
pem                                     None                                    None                                    None                                    ✓                                       ✘                                       ✘                                       
perl                                    ✘ perlnavigator                         None                                    None                                    ✓                                       ✓                                       ✓                                       
pest                                    ✘ pest-language-server                  None                                    None                                    ✓                                       ✓                                       ✓                                       
php                                     ✘ intelephense                          None                                    None                                    ✓                                       ✓                                       ✓                                       
php-only                                None                                    None                                    None                                    ✓                                       ✘                                       ✘                                       
pkgbuild                                ✘ termux-language-server                None                                    None                                    ✓                                       ✓                                       ✓                                       
                                        ✓ bash-language-server                  
pkl                                     ✘ pkl-lsp                               None                                    None                                    ✓                                       ✘                                       ✓                                       
po                                      None                                    None                                    None                                    ✓                                       ✓                                       ✘                                       
pod                                     None                                    None                                    None                                    ✓                                       ✘                                       ✘                                       
ponylang                                None                                    None                                    None                                    ✓                                       ✓                                       ✓                                       
powershell                              None                                    None                                    None                                    ✓                                       ✘                                       ✘                                       
prisma                                  ✘ prisma-language-server                None                                    None                                    ✓                                       ✓                                       ✘                                       
prolog                                  ✘ swipl                                 None                                    None                                    ✓                                       ✘                                       ✓                                       
properties                              None                                    None                                    None                                    ✓                                       ✓                                       ✘                                       
protobuf                                ✘ buf                                   None                                    None                                    ✓                                       ✓                                       ✓                                       
                                        ✘ pbkit                                 
                                        ✘ protols                               
prql                                    None                                    None                                    None                                    ✓                                       ✘                                       ✘                                       
pug                                     None                                    None                                    None                                    ✓                                       ✘                                       ✘                                       
purescript                              ✘ purescript-language-server            None                                    ✘ purs-tidy                             ✓                                       ✓                                       ✘                                       
python                                  ✘ ty                                    None                                    None                                    ✓                                       ✓                                       ✓                                       
                                        ✘ ruff                                  
                                        ✘ jedi                                  
                                        ✘ pylsp                                 
qml                                     ✘ qmlls                                 None                                    None                                    ✓                                       ✓                                       ✓                                       
quarto                                  None                                    None                                    None                                    ✓                                       ✘                                       ✓                                       
quint                                   ✘ quint-language-server                 None                                    None                                    ✓                                       ✘                                       ✘                                       
r                                       ✘ r                                     None                                    None                                    ✓                                       ✘                                       ✘                                       
racket                                  ✘ racket                                None                                    None                                    ✓                                       ✘                                       ✓                                       
regex                                   None                                    None                                    None                                    ✓                                       ✘                                       ✘                                       
rego                                    ✘ regols                                None                                    None                                    ✓                                       ✘                                       ✘                                       
rescript                                ✘ rescript-language-server              None                                    None                                    ✓                                       ✓                                       ✘                                       
rmarkdown                               ✘ r                                     None                                    None                                    ✓                                       ✘                                       ✓                                       
robot                                   ✘ robotframework_ls                     None                                    None                                    ✓                                       ✘                                       ✘                                       
ron                                     None                                    None                                    None                                    ✓                                       ✘                                       ✓                                       
rst                                     None                                    None                                    None                                    ✓                                       ✘                                       ✘                                       
ruby                                    ✘ ruby-lsp                              None                                    None                                    ✓                                       ✓                                       ✓                                       
                                        ✘ solargraph                            
rust                                    ✓ rust-analyzer                         ✓ lldb-dap                              None                                    ✓                                       ✓                                       ✓                                       
rust-format-args                        None                                    None                                    None                                    ✓                                       ✘                                       ✘                                       
rust-format-args-macro                  None                                    None                                    None                                    ✓                                       ✓                                       ✓                                       
sage                                    None                                    None                                    None                                    ✓                                       ✓                                       ✘                                       
scala                                   ✘ metals                                None                                    None                                    ✓                                       ✓                                       ✓                                       
scheme                                  None                                    None                                    None                                    ✓                                       ✘                                       ✓                                       
scss                                    ✘ vscode-css-language-server            None                                    None                                    ✓                                       ✘                                       ✘                                       
slang                                   ✘ slangd                                None                                    None                                    ✓                                       ✓                                       ✓                                       
slint                                   ✘ slint-lsp                             None                                    None                                    ✓                                       ✓                                       ✓                                       
smali                                   None                                    None                                    None                                    ✓                                       ✘                                       ✓                                       
smithy                                  ✘ cs                                    None                                    None                                    ✓                                       ✘                                       ✘                                       
sml                                     None                                    None                                    None                                    ✓                                       ✘                                       ✘                                       
snakemake                               ✘ pylsp                                 None                                    ✘ snakefmt                              ✓                                       ✘                                       ✓                                       
solidity                                ✘ solc                                  None                                    None                                    ✓                                       ✓                                       ✘                                       
sourcepawn                              ✘ sourcepawn-studio                     None                                    None                                    ✓                                       ✓                                       ✘                                       
spade                                   ✘ spade-language-server                 None                                    None                                    ✓                                       ✘                                       ✓                                       
spicedb                                 None                                    None                                    None                                    ✓                                       ✘                                       ✘                                       
sql                                     None                                    None                                    None                                    ✓                                       ✓                                       ✘                                       
sshclientconfig                         None                                    None                                    None                                    ✓                                       ✘                                       ✘                                       
starlark                                ✘ starpls                               None                                    None                                    ✓                                       ✓                                       ✓                                       
strace                                  None                                    None                                    None                                    ✓                                       ✘                                       ✘                                       
supercollider                           None                                    None                                    None                                    ✓                                       ✘                                       ✘                                       
svelte                                  ✘ svelteserver                          None                                    None                                    ✓                                       ✘                                       ✓                                       
sway                                    ✘ forc                                  None                                    None                                    ✓                                       ✓                                       ✓                                       
swift                                   ✘ sourcekit-lsp                         None                                    ✘ swift-format                          ✓                                       ✓                                       ✘                                       
systemd                                 ✘ systemd-lsp                           None                                    None                                    ✓                                       ✘                                       ✘                                       
t32                                     None                                    None                                    None                                    ✓                                       ✘                                       ✘                                       
tablegen                                None                                    None                                    None                                    ✓                                       ✓                                       ✓                                       
tact                                    None                                    None                                    None                                    ✓                                       ✓                                       ✓                                       
task                                    None                                    None                                    None                                    ✓                                       ✘                                       ✘                                       
tcl                                     None                                    None                                    None                                    ✓                                       ✘                                       ✓                                       
teal                                    ✘ teal-language-server                  None                                    None                                    ✓                                       ✘                                       ✘                                       
templ                                   ✘ templ                                 None                                    None                                    ✓                                       ✘                                       ✘                                       
tera                                    None                                    None                                    None                                    ✓                                       ✘                                       ✘                                       
textproto                               None                                    None                                    ✘ txtpbfmt                              ✓                                       ✓                                       ✓                                       
tfvars                                  ✘ terraform-ls                          None                                    None                                    ✓                                       ✘                                       ✓                                       
thrift                                  None                                    None                                    None                                    ✓                                       ✘                                       ✘                                       
tlaplus                                 None                                    None                                    ✘ tlafmt                                ✓                                       ✘                                       ✘                                       
todotxt                                 None                                    None                                    ✓ sort                                  ✓                                       ✘                                       ✘                                       
toml                                    ✘ taplo                                 None                                    None                                    ✓                                       ✓                                       ✘                                       
                                        ✘ tombi                                 
tsq                                     ✘ ts_query_ls                           None                                    None                                    ✓                                       ✘                                       ✘                                       
tsx                                     ✘ typescript-language-server            None                                    None                                    ✓                                       ✓                                       ✓                                       
twig                                    None                                    None                                    None                                    ✓                                       ✘                                       ✘                                       
typescript                              ✘ typescript-language-server            None                                    None                                    ✓                                       ✓                                       ✓                                       
typespec                                ✘ typespec                              None                                    None                                    ✓                                       ✓                                       ✓                                       
typst                                   ✘ tinymist                              None                                    None                                    ✓                                       ✘                                       ✘                                       
ungrammar                               None                                    None                                    None                                    ✓                                       ✘                                       ✘                                       
unison                                  None                                    None                                    None                                    ✓                                       ✓                                       ✓                                       
uxntal                                  None                                    None                                    None                                    ✓                                       ✘                                       ✘                                       
v                                       ✘ vlang-language-server                 None                                    None                                    ✓                                       ✓                                       ✓                                       
vala                                    ✘ vala-language-server                  None                                    None                                    ✓                                       ✓                                       ✘                                       
vento                                   None                                    None                                    None                                    ✓                                       ✘                                       ✘                                       
verilog                                 ✘ svlangserver                          None                                    None                                    ✓                                       ✓                                       ✘                                       
vhdl                                    ✘ vhdl_ls                               None                                    None                                    ✓                                       ✘                                       ✘                                       
vhs                                     None                                    None                                    None                                    ✓                                       ✘                                       ✘                                       
vue                                     ✘ vuels                                 None                                    None                                    ✓                                       ✘                                       ✘                                       
wast                                    None                                    None                                    None                                    ✓                                       ✘                                       ✘                                       
wat                                     ✘ wasm-language-tools                   None                                    None                                    ✓                                       ✘                                       ✘                                       
webc                                    None                                    None                                    None                                    ✓                                       ✘                                       ✘                                       
werk                                    None                                    None                                    None                                    ✓                                       ✘                                       ✘                                       
wesl                                    None                                    None                                    None                                    ✓                                       ✓                                       ✘                                       
wgsl                                    ✘ wgsl-analyzer                         None                                    None                                    ✓                                       ✘                                       ✘                                       
wit                                     None                                    None                                    None                                    ✓                                       ✘                                       ✓                                       
wren                                    None                                    None                                    None                                    ✓                                       ✓                                       ✓                                       
xit                                     None                                    None                                    None                                    ✓                                       ✘                                       ✘                                       
xml                                     None                                    None                                    None                                    ✓                                       ✘                                       ✓                                       
xtc                                     None                                    None                                    None                                    ✓                                       ✘                                       ✘                                       
yaml                                    ✘ yaml-language-server                  None                                    None                                    ✓                                       ✓                                       ✓                                       
                                        ✘ ansible-language-server               
yara                                    ✘ yls                                   None                                    None                                    ✓                                       ✘                                       ✘                                       
yuck                                    None                                    None                                    None                                    ✓                                       ✘                                       ✘                                       
zig                                     ✓ zls                                   ✓ lldb-dap                              ✓ zig                                   ✓                                       ✓                                       ✓                                       
