arrrrny.zed-one-theme@0.2.0
esbenp.prettier-vscode@11.0.0
evan-buss.font-switcher@4.1.0
gruntfuggly.todo-tree@0.0.215
jannisx11.batch-rename-extension@0.0.6
mads-hartmann.bash-ide-vscode@1.43.0
pkief.copy-branch-name@1.2.0
pkief.material-icon-theme@5.28.0
richie5um2.vscode-sort-json@1.20.0
streetsidesoftware.code-spell-checker@4.3.0
sumneko.lua@3.15.0
tamasfe.even-better-toml@0.21.2
ziglang.vscode-zig@0.6.15
