spellchecker: disable
Adobe Courier
  Adobe Courier Bold
  Adobe Courier Bold
  Adobe Courier Bold
  Adobe Courier Bold
  Adobe Courier Bold
  Adobe Courier Bold
  Adobe Courier Bold
  Adobe Courier Bold
  Adobe Courier Bold
  Adobe Courier Bold
  Adobe Courier Bold
  Adobe Courier Bold
  Adobe Courier Bold
  Adobe Courier Bold
  Adobe Courier Bold
  Adobe Courier Bold
  Adobe Courier Bold
  Adobe Courier Bold
  Adobe Courier Bold
  Adobe Courier Bold
  Adobe Courier Bold
  Adobe Courier Bold
  Adobe Courier Bold
  Adobe Courier Bold
  Adobe Courier Bold Oblique
  Adobe Courier Bold Oblique
  Adobe Courier Bold Oblique
  Adobe Courier Bold Oblique
  Adobe Courier Bold Oblique
  Adobe Courier Bold Oblique
  Adobe Courier Bold Oblique
  Adobe Courier Bold Oblique
  Adobe Courier Bold Oblique
  Adobe Courier Bold Oblique
  Adobe Courier Bold Oblique
  Adobe Courier Bold Oblique
  Adobe Courier Bold Oblique
  Adobe Courier Bold Oblique
  Adobe Courier Bold Oblique
  Adobe Courier Bold Oblique
  Adobe Courier Bold Oblique
  Adobe Courier Bold Oblique
  Adobe Courier Bold Oblique
  Adobe Courier Bold Oblique
  Adobe Courier Bold Oblique
  Adobe Courier Bold Oblique
  Adobe Courier Bold Oblique
  Adobe Courier Bold Oblique
  Adobe Courier Oblique
  Adobe Courier Oblique
  Adobe Courier Oblique
  Adobe Courier Oblique
  Adobe Courier Oblique
  Adobe Courier Oblique
  Adobe Courier Oblique
  Adobe Courier Oblique
  Adobe Courier Oblique
  Adobe Courier Oblique
  Adobe Courier Oblique
  Adobe Courier Oblique
  Adobe Courier Oblique
  Adobe Courier Oblique
  Adobe Courier Oblique
  Adobe Courier Oblique
  Adobe Courier Oblique
  Adobe Courier Oblique
  Adobe Courier Oblique
  Adobe Courier Oblique
  Adobe Courier Oblique
  Adobe Courier Oblique
  Adobe Courier Oblique
  Adobe Courier Oblique
  Adobe Courier Regular
  Adobe Courier Regular
  Adobe Courier Regular
  Adobe Courier Regular
  Adobe Courier Regular
  Adobe Courier Regular
  Adobe Courier Regular
  Adobe Courier Regular
  Adobe Courier Regular
  Adobe Courier Regular
  Adobe Courier Regular
  Adobe Courier Regular
  Adobe Courier Regular
  Adobe Courier Regular
  Adobe Courier Regular
  Adobe Courier Regular
  Adobe Courier Regular
  Adobe Courier Regular
  Adobe Courier Regular
  Adobe Courier Regular
  Adobe Courier Regular
  Adobe Courier Regular
  Adobe Courier Regular
  Adobe Courier Regular

Adobe Helvetica
  Adobe Helvetica Bold
  Adobe Helvetica Bold
  Adobe Helvetica Bold
  Adobe Helvetica Bold
  Adobe Helvetica Bold
  Adobe Helvetica Bold
  Adobe Helvetica Bold
  Adobe Helvetica Bold
  Adobe Helvetica Bold
  Adobe Helvetica Bold
  Adobe Helvetica Bold
  Adobe Helvetica Bold
  Adobe Helvetica Bold
  Adobe Helvetica Bold
  Adobe Helvetica Bold
  Adobe Helvetica Bold
  Adobe Helvetica Bold
  Adobe Helvetica Bold
  Adobe Helvetica Bold
  Adobe Helvetica Bold
  Adobe Helvetica Bold
  Adobe Helvetica Bold
  Adobe Helvetica Bold
  Adobe Helvetica Bold
  Adobe Helvetica Bold Oblique
  Adobe Helvetica Bold Oblique
  Adobe Helvetica Bold Oblique
  Adobe Helvetica Bold Oblique
  Adobe Helvetica Bold Oblique
  Adobe Helvetica Bold Oblique
  Adobe Helvetica Bold Oblique
  Adobe Helvetica Bold Oblique
  Adobe Helvetica Bold Oblique
  Adobe Helvetica Bold Oblique
  Adobe Helvetica Bold Oblique
  Adobe Helvetica Bold Oblique
  Adobe Helvetica Bold Oblique
  Adobe Helvetica Bold Oblique
  Adobe Helvetica Bold Oblique
  Adobe Helvetica Bold Oblique
  Adobe Helvetica Bold Oblique
  Adobe Helvetica Bold Oblique
  Adobe Helvetica Bold Oblique
  Adobe Helvetica Bold Oblique
  Adobe Helvetica Bold Oblique
  Adobe Helvetica Bold Oblique
  Adobe Helvetica Bold Oblique
  Adobe Helvetica Bold Oblique
  Adobe Helvetica Oblique
  Adobe Helvetica Oblique
  Adobe Helvetica Oblique
  Adobe Helvetica Oblique
  Adobe Helvetica Oblique
  Adobe Helvetica Oblique
  Adobe Helvetica Oblique
  Adobe Helvetica Oblique
  Adobe Helvetica Oblique
  Adobe Helvetica Oblique
  Adobe Helvetica Oblique
  Adobe Helvetica Oblique
  Adobe Helvetica Oblique
  Adobe Helvetica Oblique
  Adobe Helvetica Oblique
  Adobe Helvetica Oblique
  Adobe Helvetica Oblique
  Adobe Helvetica Oblique
  Adobe Helvetica Oblique
  Adobe Helvetica Oblique
  Adobe Helvetica Oblique
  Adobe Helvetica Oblique
  Adobe Helvetica Oblique
  Adobe Helvetica Oblique
  Adobe Helvetica Regular
  Adobe Helvetica Regular
  Adobe Helvetica Regular
  Adobe Helvetica Regular
  Adobe Helvetica Regular
  Adobe Helvetica Regular
  Adobe Helvetica Regular
  Adobe Helvetica Regular
  Adobe Helvetica Regular
  Adobe Helvetica Regular
  Adobe Helvetica Regular
  Adobe Helvetica Regular
  Adobe Helvetica Regular
  Adobe Helvetica Regular
  Adobe Helvetica Regular
  Adobe Helvetica Regular
  Adobe Helvetica Regular
  Adobe Helvetica Regular
  Adobe Helvetica Regular
  Adobe Helvetica Regular
  Adobe Helvetica Regular
  Adobe Helvetica Regular
  Adobe Helvetica Regular
  Adobe Helvetica Regular

Adobe New Century Schoolbook
  Adobe New Century Schoolbook Bold
  Adobe New Century Schoolbook Bold
  Adobe New Century Schoolbook Bold
  Adobe New Century Schoolbook Bold
  Adobe New Century Schoolbook Bold
  Adobe New Century Schoolbook Bold
  Adobe New Century Schoolbook Bold
  Adobe New Century Schoolbook Bold
  Adobe New Century Schoolbook Bold
  Adobe New Century Schoolbook Bold
  Adobe New Century Schoolbook Bold
  Adobe New Century Schoolbook Bold
  Adobe New Century Schoolbook Bold
  Adobe New Century Schoolbook Bold
  Adobe New Century Schoolbook Bold
  Adobe New Century Schoolbook Bold
  Adobe New Century Schoolbook Bold
  Adobe New Century Schoolbook Bold
  Adobe New Century Schoolbook Bold
  Adobe New Century Schoolbook Bold
  Adobe New Century Schoolbook Bold
  Adobe New Century Schoolbook Bold
  Adobe New Century Schoolbook Bold
  Adobe New Century Schoolbook Bold
  Adobe New Century Schoolbook Bold Italic
  Adobe New Century Schoolbook Bold Italic
  Adobe New Century Schoolbook Bold Italic
  Adobe New Century Schoolbook Bold Italic
  Adobe New Century Schoolbook Bold Italic
  Adobe New Century Schoolbook Bold Italic
  Adobe New Century Schoolbook Bold Italic
  Adobe New Century Schoolbook Bold Italic
  Adobe New Century Schoolbook Bold Italic
  Adobe New Century Schoolbook Bold Italic
  Adobe New Century Schoolbook Bold Italic
  Adobe New Century Schoolbook Bold Italic
  Adobe New Century Schoolbook Bold Italic
  Adobe New Century Schoolbook Bold Italic
  Adobe New Century Schoolbook Bold Italic
  Adobe New Century Schoolbook Bold Italic
  Adobe New Century Schoolbook Bold Italic
  Adobe New Century Schoolbook Bold Italic
  Adobe New Century Schoolbook Bold Italic
  Adobe New Century Schoolbook Bold Italic
  Adobe New Century Schoolbook Bold Italic
  Adobe New Century Schoolbook Bold Italic
  Adobe New Century Schoolbook Bold Italic
  Adobe New Century Schoolbook Bold Italic
  Adobe New Century Schoolbook Italic
  Adobe New Century Schoolbook Italic
  Adobe New Century Schoolbook Italic
  Adobe New Century Schoolbook Italic
  Adobe New Century Schoolbook Italic
  Adobe New Century Schoolbook Italic
  Adobe New Century Schoolbook Italic
  Adobe New Century Schoolbook Italic
  Adobe New Century Schoolbook Italic
  Adobe New Century Schoolbook Italic
  Adobe New Century Schoolbook Italic
  Adobe New Century Schoolbook Italic
  Adobe New Century Schoolbook Italic
  Adobe New Century Schoolbook Italic
  Adobe New Century Schoolbook Italic
  Adobe New Century Schoolbook Italic
  Adobe New Century Schoolbook Italic
  Adobe New Century Schoolbook Italic
  Adobe New Century Schoolbook Italic
  Adobe New Century Schoolbook Italic
  Adobe New Century Schoolbook Italic
  Adobe New Century Schoolbook Italic
  Adobe New Century Schoolbook Italic
  Adobe New Century Schoolbook Italic
  Adobe New Century Schoolbook Regular
  Adobe New Century Schoolbook Regular
  Adobe New Century Schoolbook Regular
  Adobe New Century Schoolbook Regular
  Adobe New Century Schoolbook Regular
  Adobe New Century Schoolbook Regular
  Adobe New Century Schoolbook Regular
  Adobe New Century Schoolbook Regular
  Adobe New Century Schoolbook Regular
  Adobe New Century Schoolbook Regular
  Adobe New Century Schoolbook Regular
  Adobe New Century Schoolbook Regular
  Adobe New Century Schoolbook Regular
  Adobe New Century Schoolbook Regular
  Adobe New Century Schoolbook Regular
  Adobe New Century Schoolbook Regular
  Adobe New Century Schoolbook Regular
  Adobe New Century Schoolbook Regular
  Adobe New Century Schoolbook Regular
  Adobe New Century Schoolbook Regular
  Adobe New Century Schoolbook Regular
  Adobe New Century Schoolbook Regular
  Adobe New Century Schoolbook Regular
  Adobe New Century Schoolbook Regular

Adobe Times
  Adobe Times Bold
  Adobe Times Bold
  Adobe Times Bold
  Adobe Times Bold
  Adobe Times Bold
  Adobe Times Bold
  Adobe Times Bold
  Adobe Times Bold
  Adobe Times Bold
  Adobe Times Bold
  Adobe Times Bold
  Adobe Times Bold
  Adobe Times Bold
  Adobe Times Bold
  Adobe Times Bold
  Adobe Times Bold
  Adobe Times Bold
  Adobe Times Bold
  Adobe Times Bold
  Adobe Times Bold
  Adobe Times Bold
  Adobe Times Bold
  Adobe Times Bold
  Adobe Times Bold
  Adobe Times Bold Italic
  Adobe Times Bold Italic
  Adobe Times Bold Italic
  Adobe Times Bold Italic
  Adobe Times Bold Italic
  Adobe Times Bold Italic
  Adobe Times Bold Italic
  Adobe Times Bold Italic
  Adobe Times Bold Italic
  Adobe Times Bold Italic
  Adobe Times Bold Italic
  Adobe Times Bold Italic
  Adobe Times Bold Italic
  Adobe Times Bold Italic
  Adobe Times Bold Italic
  Adobe Times Bold Italic
  Adobe Times Bold Italic
  Adobe Times Bold Italic
  Adobe Times Bold Italic
  Adobe Times Bold Italic
  Adobe Times Bold Italic
  Adobe Times Bold Italic
  Adobe Times Bold Italic
  Adobe Times Bold Italic
  Adobe Times Italic
  Adobe Times Italic
  Adobe Times Italic
  Adobe Times Italic
  Adobe Times Italic
  Adobe Times Italic
  Adobe Times Italic
  Adobe Times Italic
  Adobe Times Italic
  Adobe Times Italic
  Adobe Times Italic
  Adobe Times Italic
  Adobe Times Italic
  Adobe Times Italic
  Adobe Times Italic
  Adobe Times Italic
  Adobe Times Italic
  Adobe Times Italic
  Adobe Times Italic
  Adobe Times Italic
  Adobe Times Italic
  Adobe Times Italic
  Adobe Times Italic
  Adobe Times Italic
  Adobe Times Regular
  Adobe Times Regular
  Adobe Times Regular
  Adobe Times Regular
  Adobe Times Regular
  Adobe Times Regular
  Adobe Times Regular
  Adobe Times Regular
  Adobe Times Regular
  Adobe Times Regular
  Adobe Times Regular
  Adobe Times Regular
  Adobe Times Regular
  Adobe Times Regular
  Adobe Times Regular
  Adobe Times Regular
  Adobe Times Regular
  Adobe Times Regular
  Adobe Times Regular
  Adobe Times Regular
  Adobe Times Regular
  Adobe Times Regular
  Adobe Times Regular
  Adobe Times Regular

Adobe Utopia
  Adobe Utopia Bold
  Adobe Utopia Bold
  Adobe Utopia Bold
  Adobe Utopia Bold
  Adobe Utopia Bold
  Adobe Utopia Bold
  Adobe Utopia Bold
  Adobe Utopia Bold
  Adobe Utopia Bold
  Adobe Utopia Bold
  Adobe Utopia Bold
  Adobe Utopia Bold
  Adobe Utopia Bold
  Adobe Utopia Bold
  Adobe Utopia Bold
  Adobe Utopia Bold
  Adobe Utopia Bold
  Adobe Utopia Bold
  Adobe Utopia Bold
  Adobe Utopia Bold
  Adobe Utopia Bold Italic
  Adobe Utopia Bold Italic
  Adobe Utopia Bold Italic
  Adobe Utopia Bold Italic
  Adobe Utopia Bold Italic
  Adobe Utopia Bold Italic
  Adobe Utopia Bold Italic
  Adobe Utopia Bold Italic
  Adobe Utopia Bold Italic
  Adobe Utopia Bold Italic
  Adobe Utopia Bold Italic
  Adobe Utopia Bold Italic
  Adobe Utopia Bold Italic
  Adobe Utopia Bold Italic
  Adobe Utopia Bold Italic
  Adobe Utopia Bold Italic
  Adobe Utopia Bold Italic
  Adobe Utopia Bold Italic
  Adobe Utopia Bold Italic
  Adobe Utopia Bold Italic
  Adobe Utopia Italic
  Adobe Utopia Italic
  Adobe Utopia Italic
  Adobe Utopia Italic
  Adobe Utopia Italic
  Adobe Utopia Italic
  Adobe Utopia Italic
  Adobe Utopia Italic
  Adobe Utopia Italic
  Adobe Utopia Italic
  Adobe Utopia Italic
  Adobe Utopia Italic
  Adobe Utopia Italic
  Adobe Utopia Italic
  Adobe Utopia Italic
  Adobe Utopia Italic
  Adobe Utopia Italic
  Adobe Utopia Italic
  Adobe Utopia Italic
  Adobe Utopia Italic
  Adobe Utopia Regular
  Adobe Utopia Regular
  Adobe Utopia Regular
  Adobe Utopia Regular
  Adobe Utopia Regular
  Adobe Utopia Regular
  Adobe Utopia Regular
  Adobe Utopia Regular
  Adobe Utopia Regular
  Adobe Utopia Regular
  Adobe Utopia Regular
  Adobe Utopia Regular
  Adobe Utopia Regular
  Adobe Utopia Regular
  Adobe Utopia Regular
  Adobe Utopia Regular
  Adobe Utopia Regular
  Adobe Utopia Regular
  Adobe Utopia Regular
  Adobe Utopia Regular

Adwaita Mono
  Adwaita Mono
  Adwaita Mono Bold
  Adwaita Mono Bold Italic
  Adwaita Mono Italic

Adwaita Sans
  Adwaita Sans
  Adwaita Sans Black
  Adwaita Sans Black Italic
  Adwaita Sans Bold
  Adwaita Sans Bold Italic
  Adwaita Sans ExtraBold
  Adwaita Sans ExtraBold Italic
  Adwaita Sans ExtraLight
  Adwaita Sans ExtraLight Italic
  Adwaita Sans Italic
  Adwaita Sans Light
  Adwaita Sans Light Italic
  Adwaita Sans Medium
  Adwaita Sans Medium Italic
  Adwaita Sans SemiBold
  Adwaita Sans SemiBold Italic
  Adwaita Sans Thin
  Adwaita Sans Thin Italic

Arabic Newspaper
  Arabic Newspaper Regular

B&H Lucida
  B&H Lucida Sans
  B&H Lucida Sans
  B&H Lucida Sans
  B&H Lucida Sans
  B&H Lucida Sans
  B&H Lucida Sans
  B&H Lucida Sans
  B&H Lucida Sans
  B&H Lucida Sans
  B&H Lucida Sans
  B&H Lucida Sans
  B&H Lucida Sans
  B&H Lucida Sans
  B&H Lucida Sans
  B&H Lucida Sans
  B&H Lucida Sans
  B&H Lucida Sans
  B&H Lucida Sans
  B&H Lucida Sans
  B&H Lucida Sans
  B&H Lucida Sans
  B&H Lucida Sans
  B&H Lucida Sans
  B&H Lucida Sans
  B&H Lucida Sans
  B&H Lucida Sans
  B&H Lucida Sans
  B&H Lucida Sans
  B&H Lucida Sans Bold
  B&H Lucida Sans Bold
  B&H Lucida Sans Bold
  B&H Lucida Sans Bold
  B&H Lucida Sans Bold
  B&H Lucida Sans Bold
  B&H Lucida Sans Bold
  B&H Lucida Sans Bold
  B&H Lucida Sans Bold
  B&H Lucida Sans Bold
  B&H Lucida Sans Bold
  B&H Lucida Sans Bold
  B&H Lucida Sans Bold
  B&H Lucida Sans Bold
  B&H Lucida Sans Bold
  B&H Lucida Sans Bold
  B&H Lucida Sans Bold
  B&H Lucida Sans Bold
  B&H Lucida Sans Bold
  B&H Lucida Sans Bold
  B&H Lucida Sans Bold
  B&H Lucida Sans Bold
  B&H Lucida Sans Bold
  B&H Lucida Sans Bold
  B&H Lucida Sans Bold
  B&H Lucida Sans Bold
  B&H Lucida Sans Bold
  B&H Lucida Sans Bold
  B&H Lucida Sans Bold Italic
  B&H Lucida Sans Bold Italic
  B&H Lucida Sans Bold Italic
  B&H Lucida Sans Bold Italic
  B&H Lucida Sans Bold Italic
  B&H Lucida Sans Bold Italic
  B&H Lucida Sans Bold Italic
  B&H Lucida Sans Bold Italic
  B&H Lucida Sans Bold Italic
  B&H Lucida Sans Bold Italic
  B&H Lucida Sans Bold Italic
  B&H Lucida Sans Bold Italic
  B&H Lucida Sans Bold Italic
  B&H Lucida Sans Bold Italic
  B&H Lucida Sans Bold Italic
  B&H Lucida Sans Bold Italic
  B&H Lucida Sans Bold Italic
  B&H Lucida Sans Bold Italic
  B&H Lucida Sans Bold Italic
  B&H Lucida Sans Bold Italic
  B&H Lucida Sans Bold Italic
  B&H Lucida Sans Bold Italic
  B&H Lucida Sans Bold Italic
  B&H Lucida Sans Bold Italic
  B&H Lucida Sans Bold Italic
  B&H Lucida Sans Bold Italic
  B&H Lucida Sans Bold Italic
  B&H Lucida Sans Bold Italic
  B&H Lucida Sans Italic
  B&H Lucida Sans Italic
  B&H Lucida Sans Italic
  B&H Lucida Sans Italic
  B&H Lucida Sans Italic
  B&H Lucida Sans Italic
  B&H Lucida Sans Italic
  B&H Lucida Sans Italic
  B&H Lucida Sans Italic
  B&H Lucida Sans Italic
  B&H Lucida Sans Italic
  B&H Lucida Sans Italic
  B&H Lucida Sans Italic
  B&H Lucida Sans Italic
  B&H Lucida Sans Italic
  B&H Lucida Sans Italic
  B&H Lucida Sans Italic
  B&H Lucida Sans Italic
  B&H Lucida Sans Italic
  B&H Lucida Sans Italic
  B&H Lucida Sans Italic
  B&H Lucida Sans Italic
  B&H Lucida Sans Italic
  B&H Lucida Sans Italic
  B&H Lucida Sans Italic
  B&H Lucida Sans Italic
  B&H Lucida Sans Italic
  B&H Lucida Sans Italic

B&H LucidaBright
  B&H LucidaBright Italic
  B&H LucidaBright Italic
  B&H LucidaBright Italic
  B&H LucidaBright Italic
  B&H LucidaBright Italic
  B&H LucidaBright Italic
  B&H LucidaBright Italic
  B&H LucidaBright Italic
  B&H LucidaBright Italic
  B&H LucidaBright Italic
  B&H LucidaBright Italic
  B&H LucidaBright Italic
  B&H LucidaBright Italic
  B&H LucidaBright Italic
  B&H LucidaBright Italic
  B&H LucidaBright Italic
  B&H LucidaBright Italic
  B&H LucidaBright Italic
  B&H LucidaBright Italic
  B&H LucidaBright Italic
  B&H LucidaBright Italic
  B&H LucidaBright Italic
  B&H LucidaBright Italic
  B&H LucidaBright Italic
  B&H LucidaBright Italic
  B&H LucidaBright Italic
  B&H LucidaBright Italic
  B&H LucidaBright Italic
  B&H LucidaBright Italic
  B&H LucidaBright Italic
  B&H LucidaBright Italic
  B&H LucidaBright Italic
  B&H LucidaBright Italic
  B&H LucidaBright Italic
  B&H LucidaBright Italic
  B&H LucidaBright Italic
  B&H LucidaBright Italic
  B&H LucidaBright Italic
  B&H LucidaBright Italic
  B&H LucidaBright Italic
  B&H LucidaBright Italic
  B&H LucidaBright Italic
  B&H LucidaBright Italic
  B&H LucidaBright Italic
  B&H LucidaBright Italic
  B&H LucidaBright Italic
  B&H LucidaBright Italic
  B&H LucidaBright Italic
  B&H LucidaBright Italic
  B&H LucidaBright Italic
  B&H LucidaBright Italic
  B&H LucidaBright Italic
  B&H LucidaBright Italic
  B&H LucidaBright Italic
  B&H LucidaBright Italic
  B&H LucidaBright Italic
  B&H LucidaBright Regular
  B&H LucidaBright Regular
  B&H LucidaBright Regular
  B&H LucidaBright Regular
  B&H LucidaBright Regular
  B&H LucidaBright Regular
  B&H LucidaBright Regular
  B&H LucidaBright Regular
  B&H LucidaBright Regular
  B&H LucidaBright Regular
  B&H LucidaBright Regular
  B&H LucidaBright Regular
  B&H LucidaBright Regular
  B&H LucidaBright Regular
  B&H LucidaBright Regular
  B&H LucidaBright Regular
  B&H LucidaBright Regular
  B&H LucidaBright Regular
  B&H LucidaBright Regular
  B&H LucidaBright Regular
  B&H LucidaBright Regular
  B&H LucidaBright Regular
  B&H LucidaBright Regular
  B&H LucidaBright Regular
  B&H LucidaBright Regular
  B&H LucidaBright Regular
  B&H LucidaBright Regular
  B&H LucidaBright Regular
  B&H LucidaBright Regular
  B&H LucidaBright Regular
  B&H LucidaBright Regular
  B&H LucidaBright Regular
  B&H LucidaBright Regular
  B&H LucidaBright Regular
  B&H LucidaBright Regular
  B&H LucidaBright Regular
  B&H LucidaBright Regular
  B&H LucidaBright Regular
  B&H LucidaBright Regular
  B&H LucidaBright Regular
  B&H LucidaBright Regular
  B&H LucidaBright Regular
  B&H LucidaBright Regular
  B&H LucidaBright Regular
  B&H LucidaBright Regular
  B&H LucidaBright Regular
  B&H LucidaBright Regular
  B&H LucidaBright Regular
  B&H LucidaBright Regular
  B&H LucidaBright Regular
  B&H LucidaBright Regular
  B&H LucidaBright Regular
  B&H LucidaBright Regular
  B&H LucidaBright Regular
  B&H LucidaBright Regular
  B&H LucidaBright Regular

B&H LucidaTypewriter
  B&H LucidaTypewriter Sans
  B&H LucidaTypewriter Sans
  B&H LucidaTypewriter Sans
  B&H LucidaTypewriter Sans
  B&H LucidaTypewriter Sans
  B&H LucidaTypewriter Sans
  B&H LucidaTypewriter Sans
  B&H LucidaTypewriter Sans
  B&H LucidaTypewriter Sans
  B&H LucidaTypewriter Sans
  B&H LucidaTypewriter Sans
  B&H LucidaTypewriter Sans
  B&H LucidaTypewriter Sans
  B&H LucidaTypewriter Sans
  B&H LucidaTypewriter Sans
  B&H LucidaTypewriter Sans
  B&H LucidaTypewriter Sans
  B&H LucidaTypewriter Sans
  B&H LucidaTypewriter Sans
  B&H LucidaTypewriter Sans
  B&H LucidaTypewriter Sans
  B&H LucidaTypewriter Sans
  B&H LucidaTypewriter Sans
  B&H LucidaTypewriter Sans
  B&H LucidaTypewriter Sans
  B&H LucidaTypewriter Sans
  B&H LucidaTypewriter Sans
  B&H LucidaTypewriter Sans
  B&H LucidaTypewriter Sans Bold
  B&H LucidaTypewriter Sans Bold
  B&H LucidaTypewriter Sans Bold
  B&H LucidaTypewriter Sans Bold
  B&H LucidaTypewriter Sans Bold
  B&H LucidaTypewriter Sans Bold
  B&H LucidaTypewriter Sans Bold
  B&H LucidaTypewriter Sans Bold
  B&H LucidaTypewriter Sans Bold
  B&H LucidaTypewriter Sans Bold
  B&H LucidaTypewriter Sans Bold
  B&H LucidaTypewriter Sans Bold
  B&H LucidaTypewriter Sans Bold
  B&H LucidaTypewriter Sans Bold
  B&H LucidaTypewriter Sans Bold
  B&H LucidaTypewriter Sans Bold
  B&H LucidaTypewriter Sans Bold
  B&H LucidaTypewriter Sans Bold
  B&H LucidaTypewriter Sans Bold
  B&H LucidaTypewriter Sans Bold
  B&H LucidaTypewriter Sans Bold
  B&H LucidaTypewriter Sans Bold
  B&H LucidaTypewriter Sans Bold
  B&H LucidaTypewriter Sans Bold
  B&H LucidaTypewriter Sans Bold
  B&H LucidaTypewriter Sans Bold
  B&H LucidaTypewriter Sans Bold
  B&H LucidaTypewriter Sans Bold

Bitstream Charter
  Bitstream Charter Bold
  Bitstream Charter Bold
  Bitstream Charter Bold
  Bitstream Charter Bold
  Bitstream Charter Bold
  Bitstream Charter Bold
  Bitstream Charter Bold
  Bitstream Charter Bold
  Bitstream Charter Bold
  Bitstream Charter Bold
  Bitstream Charter Bold
  Bitstream Charter Bold
  Bitstream Charter Bold
  Bitstream Charter Bold Italic
  Bitstream Charter Bold Italic
  Bitstream Charter Bold Italic
  Bitstream Charter Bold Italic
  Bitstream Charter Bold Italic
  Bitstream Charter Bold Italic
  Bitstream Charter Bold Italic
  Bitstream Charter Bold Italic
  Bitstream Charter Bold Italic
  Bitstream Charter Bold Italic
  Bitstream Charter Bold Italic
  Bitstream Charter Bold Italic
  Bitstream Charter Bold Italic
  Bitstream Charter Italic
  Bitstream Charter Italic
  Bitstream Charter Italic
  Bitstream Charter Italic
  Bitstream Charter Italic
  Bitstream Charter Italic
  Bitstream Charter Italic
  Bitstream Charter Italic
  Bitstream Charter Italic
  Bitstream Charter Italic
  Bitstream Charter Italic
  Bitstream Charter Italic
  Bitstream Charter Italic
  Bitstream Charter Regular
  Bitstream Charter Regular
  Bitstream Charter Regular
  Bitstream Charter Regular
  Bitstream Charter Regular
  Bitstream Charter Regular
  Bitstream Charter Regular
  Bitstream Charter Regular
  Bitstream Charter Regular
  Bitstream Charter Regular
  Bitstream Charter Regular
  Bitstream Charter Regular
  Bitstream Charter Regular

Bitstream Terminal
  Bitstream Terminal Bold
  Bitstream Terminal Regular

C059
  C059-BdIta
  C059-Bold
  C059-Italic
  C059-Roman

Cantarell
  Cantarell Bold
  Cantarell Extra Bold
  Cantarell Light
  Cantarell Regular
  Cantarell Thin

Carlito
  Carlito
  Carlito Bold
  Carlito Bold Italic
  Carlito Italic

CaskaydiaCove Nerd Font
  CaskaydiaCove NF Bold
  CaskaydiaCove NF Bold Italic
  CaskaydiaCove NF ExtraLight
  CaskaydiaCove NF ExtraLight Italic
  CaskaydiaCove NF Italic
  CaskaydiaCove NF Light
  CaskaydiaCove NF Light Italic
  CaskaydiaCove NF Regular
  CaskaydiaCove NF SemiBold
  CaskaydiaCove NF SemiBold Italic
  CaskaydiaCove NF SemiLight
  CaskaydiaCove NF SemiLight Italic

CaskaydiaCove Nerd Font Mono
  CaskaydiaCove NFM Bold
  CaskaydiaCove NFM Bold Italic
  CaskaydiaCove NFM ExtraLight
  CaskaydiaCove NFM ExtraLight Italic
  CaskaydiaCove NFM Italic
  CaskaydiaCove NFM Light
  CaskaydiaCove NFM Light Italic
  CaskaydiaCove NFM Regular
  CaskaydiaCove NFM SemiBold
  CaskaydiaCove NFM SemiBold Italic
  CaskaydiaCove NFM SemiLight
  CaskaydiaCove NFM SemiLight Italic

CaskaydiaCove Nerd Font Propo
  CaskaydiaCove NFP Bold
  CaskaydiaCove NFP Bold Italic
  CaskaydiaCove NFP ExtraLight
  CaskaydiaCove NFP ExtraLight Italic
  CaskaydiaCove NFP Italic
  CaskaydiaCove NFP Light
  CaskaydiaCove NFP Light Italic
  CaskaydiaCove NFP Regular
  CaskaydiaCove NFP SemiBold
  CaskaydiaCove NFP SemiBold Italic
  CaskaydiaCove NFP SemiLight
  CaskaydiaCove NFP SemiLight Italic

CaskaydiaMono Nerd Font
  CaskaydiaMono NF Bold
  CaskaydiaMono NF Bold Italic
  CaskaydiaMono NF ExtraLight
  CaskaydiaMono NF ExtraLight Italic
  CaskaydiaMono NF Italic
  CaskaydiaMono NF Light
  CaskaydiaMono NF Light Italic
  CaskaydiaMono NF Regular
  CaskaydiaMono NF SemiBold
  CaskaydiaMono NF SemiBold Italic
  CaskaydiaMono NF SemiLight
  CaskaydiaMono NF SemiLight Italic

CaskaydiaMono Nerd Font Mono
  CaskaydiaMono NFM Bold
  CaskaydiaMono NFM Bold Italic
  CaskaydiaMono NFM ExtraLight
  CaskaydiaMono NFM ExtraLight Italic
  CaskaydiaMono NFM Italic
  CaskaydiaMono NFM Light
  CaskaydiaMono NFM Light Italic
  CaskaydiaMono NFM Regular
  CaskaydiaMono NFM SemiBold
  CaskaydiaMono NFM SemiBold Italic
  CaskaydiaMono NFM SemiLight
  CaskaydiaMono NFM SemiLight Italic

CaskaydiaMono Nerd Font Propo
  CaskaydiaMono NFP Bold
  CaskaydiaMono NFP Bold Italic
  CaskaydiaMono NFP ExtraLight
  CaskaydiaMono NFP ExtraLight Italic
  CaskaydiaMono NFP Italic
  CaskaydiaMono NFP Light
  CaskaydiaMono NFP Light Italic
  CaskaydiaMono NFP Regular
  CaskaydiaMono NFP SemiBold
  CaskaydiaMono NFP SemiBold Italic
  CaskaydiaMono NFP SemiLight
  CaskaydiaMono NFP SemiLight Italic

Century Schoolbook L
  Century Schoolbook L Bold
  Century Schoolbook L Bold Italic
  Century Schoolbook L Italic
  Century Schoolbook L Roman

Classic Console
  Classic Console

Courier
  Courier Bold
  Courier Bold Italic
  Courier Italic
  Courier Regular

Courier 10 Pitch
  Courier 10 Pitch Bold
  Courier 10 Pitch Bold Italic
  Courier 10 Pitch Italic
  Courier 10 Pitch Regular

Cursor
  Cursor Regular

D050000L
  D050000L

DEC Terminal
  DEC Terminal Bold
  DEC Terminal Regular

DejaVu Math TeX Gyre
  DejaVuMathTeXGyre-Regular

DejaVu Sans
  DejaVu Sans
  DejaVu Sans Bold
  DejaVu Sans Bold Oblique
  DejaVu Sans Condensed
  DejaVu Sans Condensed Bold
  DejaVu Sans Condensed Bold Oblique
  DejaVu Sans Condensed Oblique
  DejaVu Sans ExtraLight
  DejaVu Sans Oblique

DejaVu Sans Mono
  DejaVu Sans Mono
  DejaVu Sans Mono Bold
  DejaVu Sans Mono Bold Oblique
  DejaVu Sans Mono Oblique

DejaVu Serif
  DejaVu Serif
  DejaVu Serif Bold
  DejaVu Serif Bold Italic
  DejaVu Serif Condensed
  DejaVu Serif Condensed Bold
  DejaVu Serif Condensed Bold Italic
  DejaVu Serif Condensed Italic
  DejaVu Serif Italic

Dingbats
  Dingbats Regular

ETL Fixed
  ETL Fixed Bold
  ETL Fixed Bold
  ETL Fixed Bold Italic
  ETL Fixed Bold Italic
  ETL Fixed Italic
  ETL Fixed Italic
  ETL Fixed Regular
  ETL Fixed Regular
  ETL Fixed Regular
  ETL Fixed Regular
  ETL Fixed Regular
  ETL Fixed Regular
  ETL Fixed Regular
  ETL Fixed Regular

ETL fixed
  ETL fixed Bold
  ETL fixed Bold Italic
  ETL fixed Italic

East Syriac Adiabene
  East Syriac Adiabene

East Syriac Ctesiphon
  East Syriac Ctesiphon

Efont Biwidth
  Efont Biwidth Bold
  Efont Biwidth Bold
  Efont Biwidth Bold
  Efont Biwidth Bold
  Efont Biwidth Bold
  Efont Biwidth Bold Italic
  Efont Biwidth Bold Italic
  Efont Biwidth Bold Italic
  Efont Biwidth Bold Italic
  Efont Biwidth Bold Italic
  Efont Biwidth Italic
  Efont Biwidth Italic
  Efont Biwidth Italic
  Efont Biwidth Italic
  Efont Biwidth Italic
  Efont Biwidth Regular
  Efont Biwidth Regular
  Efont Biwidth Regular
  Efont Biwidth Regular
  Efont Biwidth Regular

Efont Fixed
  Efont Fixed Bold
  Efont Fixed Bold
  Efont Fixed Bold
  Efont Fixed Bold
  Efont Fixed Bold
  Efont Fixed Bold Italic
  Efont Fixed Bold Italic
  Efont Fixed Bold Italic
  Efont Fixed Bold Italic
  Efont Fixed Bold Italic
  Efont Fixed Italic
  Efont Fixed Italic
  Efont Fixed Italic
  Efont Fixed Italic
  Efont Fixed Italic
  Efont Fixed Regular
  Efont Fixed Regular
  Efont Fixed Regular
  Efont Fixed Regular
  Efont Fixed Regular

Efont Fixed Wide
  Efont Fixed Wide Bold
  Efont Fixed Wide Bold
  Efont Fixed Wide Bold
  Efont Fixed Wide Bold
  Efont Fixed Wide Bold
  Efont Fixed Wide Bold Italic
  Efont Fixed Wide Bold Italic
  Efont Fixed Wide Bold Italic
  Efont Fixed Wide Bold Italic
  Efont Fixed Wide Bold Italic
  Efont Fixed Wide Italic
  Efont Fixed Wide Italic
  Efont Fixed Wide Italic
  Efont Fixed Wide Italic
  Efont Fixed Wide Italic
  Efont Fixed Wide Regular
  Efont Fixed Wide Regular
  Efont Fixed Wide Regular
  Efont Fixed Wide Regular
  Efont Fixed Wide Regular

Estrangelo Antioch
  Estrangelo Antioch

Estrangelo Edessa
  Estrangelo Edessa

Estrangelo Midyat
  Estrangelo Midyat

Estrangelo Nisibin
  Estrangelo Nisibin

Estrangelo Nisibin Outline
  Estrangelo Nisibin Outline

Estrangelo Quenneshrin
  Estrangelo Quenneshrin

Estrangelo Talada
  Estrangelo Talada

Estrangelo TurAbdin
  Estrangelo TurAbdin

Goha-Tibeb Zemen
  Goha-Tibeb Zemen

JetBrainsMono Nerd Font
  JetBrainsMono NF Bold
  JetBrainsMono NF Bold Italic
  JetBrainsMono NF ExtraBold
  JetBrainsMono NF ExtraBold Italic
  JetBrainsMono NF ExtraLight
  JetBrainsMono NF ExtraLight Italic
  JetBrainsMono NF Italic
  JetBrainsMono NF Light
  JetBrainsMono NF Light Italic
  JetBrainsMono NF Medium
  JetBrainsMono NF Medium Italic
  JetBrainsMono NF Regular
  JetBrainsMono NF SemiBold
  JetBrainsMono NF SemiBold Italic
  JetBrainsMono NF Thin
  JetBrainsMono NF Thin Italic

JetBrainsMono Nerd Font Mono
  JetBrainsMono NFM Bold
  JetBrainsMono NFM Bold Italic
  JetBrainsMono NFM ExtraBold
  JetBrainsMono NFM ExtraBold Italic
  JetBrainsMono NFM ExtraLight
  JetBrainsMono NFM ExtraLight Italic
  JetBrainsMono NFM Italic
  JetBrainsMono NFM Light
  JetBrainsMono NFM Light Italic
  JetBrainsMono NFM Medium
  JetBrainsMono NFM Medium Italic
  JetBrainsMono NFM Regular
  JetBrainsMono NFM SemiBold
  JetBrainsMono NFM SemiBold Italic
  JetBrainsMono NFM Thin
  JetBrainsMono NFM Thin Italic

JetBrainsMono Nerd Font Propo
  JetBrainsMono NFP Bold
  JetBrainsMono NFP Bold Italic
  JetBrainsMono NFP ExtraBold
  JetBrainsMono NFP ExtraBold Italic
  JetBrainsMono NFP ExtraLight
  JetBrainsMono NFP ExtraLight Italic
  JetBrainsMono NFP Italic
  JetBrainsMono NFP Light
  JetBrainsMono NFP Light Italic
  JetBrainsMono NFP Medium
  JetBrainsMono NFP Medium Italic
  JetBrainsMono NFP Regular
  JetBrainsMono NFP SemiBold
  JetBrainsMono NFP SemiBold Italic
  JetBrainsMono NFP Thin
  JetBrainsMono NFP Thin Italic

JetBrainsMonoNL Nerd Font
  JetBrainsMonoNL NF Bold
  JetBrainsMonoNL NF Bold Italic
  JetBrainsMonoNL NF ExtraBold
  JetBrainsMonoNL NF ExtraBold Italic
  JetBrainsMonoNL NF ExtraLight
  JetBrainsMonoNL NF ExtraLight Italic
  JetBrainsMonoNL NF Italic
  JetBrainsMonoNL NF Light
  JetBrainsMonoNL NF Light Italic
  JetBrainsMonoNL NF Medium
  JetBrainsMonoNL NF Medium Italic
  JetBrainsMonoNL NF Regular
  JetBrainsMonoNL NF SemiBold
  JetBrainsMonoNL NF SemiBold Italic
  JetBrainsMonoNL NF Thin
  JetBrainsMonoNL NF Thin Italic

JetBrainsMonoNL Nerd Font Mono
  JetBrainsMonoNL NFM Bold
  JetBrainsMonoNL NFM Bold Italic
  JetBrainsMonoNL NFM ExtraBold
  JetBrainsMonoNL NFM ExtraBold Italic
  JetBrainsMonoNL NFM ExtraLight
  JetBrainsMonoNL NFM ExtraLight Italic
  JetBrainsMonoNL NFM Italic
  JetBrainsMonoNL NFM Light
  JetBrainsMonoNL NFM Light Italic
  JetBrainsMonoNL NFM Medium
  JetBrainsMonoNL NFM Medium Italic
  JetBrainsMonoNL NFM Regular
  JetBrainsMonoNL NFM SemiBold
  JetBrainsMonoNL NFM SemiBold Italic
  JetBrainsMonoNL NFM Thin
  JetBrainsMonoNL NFM Thin Italic

JetBrainsMonoNL Nerd Font Propo
  JetBrainsMonoNL NFP Bold
  JetBrainsMonoNL NFP Bold Italic
  JetBrainsMonoNL NFP ExtraBold
  JetBrainsMonoNL NFP ExtraBold Italic
  JetBrainsMonoNL NFP ExtraLight
  JetBrainsMonoNL NFP ExtraLight Italic
  JetBrainsMonoNL NFP Italic
  JetBrainsMonoNL NFP Light
  JetBrainsMonoNL NFP Light Italic
  JetBrainsMonoNL NFP Medium
  JetBrainsMonoNL NFP Medium Italic
  JetBrainsMonoNL NFP Regular
  JetBrainsMonoNL NFP SemiBold
  JetBrainsMonoNL NFP SemiBold Italic
  JetBrainsMonoNL NFP Thin
  JetBrainsMonoNL NFP Thin Italic

Liberation Mono
  Liberation Mono
  Liberation Mono Bold
  Liberation Mono Bold Italic
  Liberation Mono Italic

Liberation Sans
  Liberation Sans
  Liberation Sans Bold
  Liberation Sans Bold Italic
  Liberation Sans Italic

Liberation Serif
  Liberation Serif
  Liberation Serif Bold
  Liberation Serif Bold Italic
  Liberation Serif Italic

Luxi Mono
  Luxi Mono Bold
  Luxi Mono Bold
  Luxi Mono Bold Oblique
  Luxi Mono Bold Oblique
  Luxi Mono Oblique
  Luxi Mono Oblique
  Luxi Mono Regular
  Luxi Mono Regular
  Luxi Mono Regular

Luxi Sans
  Luxi Sans Bold
  Luxi Sans Bold
  Luxi Sans Bold Oblique
  Luxi Sans Bold Oblique
  Luxi Sans Oblique
  Luxi Sans Oblique
  Luxi Sans Regular
  Luxi Sans Regular

Luxi Serif
  Luxi Serif Bold
  Luxi Serif Bold
  Luxi Serif Bold Oblique
  Luxi Serif Bold Oblique
  Luxi Serif Oblique
  Luxi Serif Oblique
  Luxi Serif Regular
  Luxi Serif Regular

MUTT ClearlyU Alternate Glyphs Wide
  MUTT ClearlyU Alternate Glyphs Wide Regular

MUTT ClearlyU PUA
  MUTT ClearlyU PUA Regular

MUTT ClearlyU Wide
  MUTT ClearlyU Wide Regular

Misc Fixed
  Misc Fixed Bold
  Misc Fixed Bold
  Misc Fixed Bold
  Misc Fixed Bold
  Misc Fixed Bold
  Misc Fixed Bold
  Misc Fixed Bold
  Misc Fixed Bold
  Misc Fixed Bold
  Misc Fixed Bold
  Misc Fixed Bold SemiCondensed
  Misc Fixed Bold SemiCondensed
  Misc Fixed Oblique
  Misc Fixed Oblique
  Misc Fixed Oblique
  Misc Fixed Oblique
  Misc Fixed Oblique SemiCondensed
  Misc Fixed Oblique SemiCondensed
  Misc Fixed Regular
  Misc Fixed Regular
  Misc Fixed Regular
  Misc Fixed Regular
  Misc Fixed Regular
  Misc Fixed Regular
  Misc Fixed Regular
  Misc Fixed Regular
  Misc Fixed Regular
  Misc Fixed Regular
  Misc Fixed Regular
  Misc Fixed Regular
  Misc Fixed Regular
  Misc Fixed Regular
  Misc Fixed Regular
  Misc Fixed Regular
  Misc Fixed Regular
  Misc Fixed Regular
  Misc Fixed Regular
  Misc Fixed Regular
  Misc Fixed Regular
  Misc Fixed Regular
  Misc Fixed Regular
  Misc Fixed SemiCondensed
  Misc Fixed SemiCondensed
  Misc Fixed SemiCondensed
  Misc Fixed SemiCondensed

Misc Fixed Wide
  Misc Fixed Wide ja
  Misc Fixed Wide ja
  Misc Fixed Wide ja
  Misc Fixed Wide ko
  Misc Fixed Wide ko

Nimbus Mono L
  Nimbus Mono L Bold
  Nimbus Mono L Bold Oblique
  Nimbus Mono L Regular
  Nimbus Mono L Regular Oblique

Nimbus Mono PS
  NimbusMonoPS-Bold
  NimbusMonoPS-BoldItalic
  NimbusMonoPS-Italic
  NimbusMonoPS-Regular

Nimbus Roman
  NimbusRoman-Bold
  NimbusRoman-BoldItalic
  NimbusRoman-Italic
  NimbusRoman-Regular

Nimbus Roman No9 L
  Nimbus Roman No9 L Medium
  Nimbus Roman No9 L Medium Italic
  Nimbus Roman No9 L Regular
  Nimbus Roman No9 L Regular Italic

Nimbus Sans
  NimbusSans-Bold
  NimbusSans-BoldItalic
  NimbusSans-Italic
  NimbusSans-Regular

Nimbus Sans L
  Nimbus Sans L Bold
  Nimbus Sans L Bold Condensed
  Nimbus Sans L Bold Condensed Italic
  Nimbus Sans L Bold Italic
  Nimbus Sans L Regular
  Nimbus Sans L Regular Condensed
  Nimbus Sans L Regular Condensed Italic
  Nimbus Sans L Regular Italic

Nimbus Sans Narrow
  NimbusSansNarrow-Bold
  NimbusSansNarrow-BoldOblique
  NimbusSansNarrow-Oblique
  NimbusSansNarrow-Regular

Noto Color Emoji
  Noto Color Emoji

Noto Sans
  Noto Sans Black
  Noto Sans Black Italic
  Noto Sans Bold
  Noto Sans Bold Italic
  Noto Sans Condensed
  Noto Sans Condensed Black
  Noto Sans Condensed Black Italic
  Noto Sans Condensed Bold
  Noto Sans Condensed Bold Italic
  Noto Sans Condensed ExtraBold
  Noto Sans Condensed ExtraBold Italic
  Noto Sans Condensed ExtraLight
  Noto Sans Condensed ExtraLight Italic
  Noto Sans Condensed Italic
  Noto Sans Condensed Light
  Noto Sans Condensed Light Italic
  Noto Sans Condensed Medium
  Noto Sans Condensed Medium Italic
  Noto Sans Condensed SemiBold
  Noto Sans Condensed SemiBold Italic
  Noto Sans Condensed Thin
  Noto Sans Condensed Thin Italic
  Noto Sans ExtraBold
  Noto Sans ExtraBold Italic
  Noto Sans ExtraCondensed
  Noto Sans ExtraCondensed Black
  Noto Sans ExtraCondensed Black Italic
  Noto Sans ExtraCondensed Bold
  Noto Sans ExtraCondensed Bold Italic
  Noto Sans ExtraCondensed ExtraBold
  Noto Sans ExtraCondensed ExtraBold Italic
  Noto Sans ExtraCondensed ExtraLight
  Noto Sans ExtraCondensed ExtraLight Italic
  Noto Sans ExtraCondensed Italic
  Noto Sans ExtraCondensed Light
  Noto Sans ExtraCondensed Light Italic
  Noto Sans ExtraCondensed Medium
  Noto Sans ExtraCondensed Medium Italic
  Noto Sans ExtraCondensed SemiBold
  Noto Sans ExtraCondensed SemiBold Italic
  Noto Sans ExtraCondensed Thin
  Noto Sans ExtraCondensed Thin Italic
  Noto Sans ExtraLight
  Noto Sans ExtraLight Italic
  Noto Sans Italic
  Noto Sans Light
  Noto Sans Light Italic
  Noto Sans Medium
  Noto Sans Medium Italic
  Noto Sans Regular
  Noto Sans SemiBold
  Noto Sans SemiBold Italic
  Noto Sans SemiCondensed
  Noto Sans SemiCondensed Black
  Noto Sans SemiCondensed Black Italic
  Noto Sans SemiCondensed Bold
  Noto Sans SemiCondensed Bold Italic
  Noto Sans SemiCondensed ExtraBold
  Noto Sans SemiCondensed ExtraBold Italic
  Noto Sans SemiCondensed ExtraLight
  Noto Sans SemiCondensed ExtraLight Italic
  Noto Sans SemiCondensed Italic
  Noto Sans SemiCondensed Light
  Noto Sans SemiCondensed Light Italic
  Noto Sans SemiCondensed Medium
  Noto Sans SemiCondensed Medium Italic
  Noto Sans SemiCondensed SemiBold
  Noto Sans SemiCondensed SemiBold Italic
  Noto Sans SemiCondensed Thin
  Noto Sans SemiCondensed Thin Italic
  Noto Sans Thin
  Noto Sans Thin Italic

Noto Sans Arabic
  Noto Sans Arabic Black
  Noto Sans Arabic Bold
  Noto Sans Arabic Condensed
  Noto Sans Arabic Condensed Black
  Noto Sans Arabic Condensed Bold
  Noto Sans Arabic Condensed ExtraBold
  Noto Sans Arabic Condensed ExtraLight
  Noto Sans Arabic Condensed Light
  Noto Sans Arabic Condensed Medium
  Noto Sans Arabic Condensed SemiBold
  Noto Sans Arabic Condensed Thin
  Noto Sans Arabic ExtraBold
  Noto Sans Arabic ExtraCondensed
  Noto Sans Arabic ExtraCondensed Black
  Noto Sans Arabic ExtraCondensed Bold
  Noto Sans Arabic ExtraCondensed ExtraBold
  Noto Sans Arabic ExtraCondensed ExtraLight
  Noto Sans Arabic ExtraCondensed Light
  Noto Sans Arabic ExtraCondensed Medium
  Noto Sans Arabic ExtraCondensed SemiBold
  Noto Sans Arabic ExtraCondensed Thin
  Noto Sans Arabic ExtraLight
  Noto Sans Arabic Light
  Noto Sans Arabic Medium
  Noto Sans Arabic Regular
  Noto Sans Arabic SemiBold
  Noto Sans Arabic SemiCondensed
  Noto Sans Arabic SemiCondensed Black
  Noto Sans Arabic SemiCondensed Bold
  Noto Sans Arabic SemiCondensed ExtraBold
  Noto Sans Arabic SemiCondensed ExtraLight
  Noto Sans Arabic SemiCondensed Light
  Noto Sans Arabic SemiCondensed Medium
  Noto Sans Arabic SemiCondensed SemiBold
  Noto Sans Arabic SemiCondensed Thin
  Noto Sans Arabic Thin

Noto Sans CJK JP
  Noto Sans CJK JP
  Noto Sans CJK JP Black
  Noto Sans CJK JP Bold
  Noto Sans CJK JP DemiLight
  Noto Sans CJK JP Light
  Noto Sans CJK JP Medium
  Noto Sans CJK JP Regular

Noto Sans CJK KR
  Noto Sans CJK KR
  Noto Sans CJK KR Black
  Noto Sans CJK KR Bold
  Noto Sans CJK KR DemiLight
  Noto Sans CJK KR Light
  Noto Sans CJK KR Medium
  Noto Sans CJK KR Regular

Noto Sans CJK SC
  Noto Sans CJK SC
  Noto Sans CJK SC Black
  Noto Sans CJK SC Bold
  Noto Sans CJK SC DemiLight
  Noto Sans CJK SC Light
  Noto Sans CJK SC Medium
  Noto Sans CJK SC Regular

Noto Sans CJK TC
  Noto Sans CJK TC
  Noto Sans CJK TC Black
  Noto Sans CJK TC Bold
  Noto Sans CJK TC DemiLight
  Noto Sans CJK TC Light
  Noto Sans CJK TC Medium
  Noto Sans CJK TC Regular

Noto Sans Symbols
  Noto Sans Symbols Black
  Noto Sans Symbols Bold
  Noto Sans Symbols ExtraBold
  Noto Sans Symbols ExtraLight
  Noto Sans Symbols Light
  Noto Sans Symbols Medium
  Noto Sans Symbols Regular
  Noto Sans Symbols SemiBold
  Noto Sans Symbols Thin

Noto Sans Symbols 2
  Noto Sans Symbols 2 Regular

OCR A
  OCR A

Open Sans
  Open Sans Bold
  Open Sans Bold Italic
  Open Sans Condensed Bold
  Open Sans Condensed Bold Italic
  Open Sans Condensed ExtraBold
  Open Sans Condensed ExtraBold Italic
  Open Sans Condensed Italic
  Open Sans Condensed Light
  Open Sans Condensed Light Italic
  Open Sans Condensed Regular
  Open Sans Condensed SemiBold
  Open Sans Condensed SemiBold Italic
  Open Sans ExtraBold
  Open Sans ExtraBold Italic
  Open Sans Italic
  Open Sans Light
  Open Sans Light Italic
  Open Sans Regular
  Open Sans SemiBold
  Open Sans SemiBold Italic

P052
  P052-Bold
  P052-BoldItalic
  P052-Italic
  P052-Roman

Poppins
  Poppins Black
  Poppins Black Italic
  Poppins Bold
  Poppins Bold Italic
  Poppins ExtraBold
  Poppins ExtraBold Italic
  Poppins ExtraLight
  Poppins ExtraLight Italic
  Poppins Italic
  Poppins Light
  Poppins Light Italic
  Poppins Medium
  Poppins Medium Italic
  Poppins Regular
  Poppins SemiBold
  Poppins SemiBold Italic
  Poppins Thin
  Poppins Thin Italic

Roboto
  Roboto
  Roboto Black
  Roboto Black Italic
  Roboto Bold
  Roboto Bold Italic
  Roboto Italic
  Roboto Light
  Roboto Light Italic
  Roboto Medium
  Roboto Medium Italic
  Roboto Thin
  Roboto Thin Italic

Roboto Condensed
  Roboto Condensed
  Roboto Condensed Bold
  Roboto Condensed Bold Italic
  Roboto Condensed Italic
  Roboto Condensed Light
  Roboto Condensed Light Italic
  Roboto Condensed Medium
  Roboto Condensed Medium Italic

STIXGeneral
  STIXGeneral-Bold
  STIXGeneral-BoldItalic
  STIXGeneral-Italic
  STIXGeneral-Regular

Schumacher Clean
  Schumacher Clean Bold
  Schumacher Clean Bold
  Schumacher Clean Bold
  Schumacher Clean Bold
  Schumacher Clean Bold
  Schumacher Clean Bold
  Schumacher Clean Bold
  Schumacher Clean Bold
  Schumacher Clean Italic
  Schumacher Clean Regular
  Schumacher Clean Regular
  Schumacher Clean Regular
  Schumacher Clean Regular
  Schumacher Clean Regular
  Schumacher Clean Regular
  Schumacher Clean Regular
  Schumacher Clean Regular
  Schumacher Clean Regular
  Schumacher Clean Regular
  Schumacher Clean Regular
  Schumacher Clean Regular
  Schumacher Clean Regular
  Schumacher Clean Regular
  Schumacher Clean Regular
  Schumacher Clean Regular
  Schumacher Clean Regular
  Schumacher Clean Regular
  Schumacher Clean Regular

Schumacher Clean Wide
  Schumacher Clean Wide Bold
  Schumacher Clean Wide Italic
  Schumacher Clean Wide Regular
  Schumacher Clean Wide Regular

Serto Batnan
  Serto Batnan
  Serto Batnan Bold

Serto Jerusalem
  Serto Jerusalem
  Serto Jerusalem Bold
  Serto Jerusalem Italic

Serto Jerusalem Outline
  Serto Jerusalem Outline

Serto Kharput
  Serto Kharput

Serto Malankara
  Serto Malankara

Serto Mardin
  Serto Mardin
  Serto Mardin Bold

Serto Urhoy
  Serto Urhoy
  Serto Urhoy Bold

Sony Fixed
  Sony Fixed Regular
  Sony Fixed Regular

Source Code Pro
  Source Code Pro
  Source Code Pro Black
  Source Code Pro Black Italic
  Source Code Pro Bold
  Source Code Pro Bold Italic
  Source Code Pro ExtraLight
  Source Code Pro ExtraLight Italic
  Source Code Pro Italic
  Source Code Pro Light
  Source Code Pro Light Italic
  Source Code Pro Medium
  Source Code Pro Medium Italic
  Source Code Pro Semibold
  Source Code Pro Semibold Italic

Source Sans 3
  Source Sans 3
  Source Sans 3 Black
  Source Sans 3 Black Italic
  Source Sans 3 Bold
  Source Sans 3 Bold Italic
  Source Sans 3 ExtraLight
  Source Sans 3 ExtraLight Italic
  Source Sans 3 Italic
  Source Sans 3 Light
  Source Sans 3 Light Italic
  Source Sans 3 Medium
  Source Sans 3 Medium Italic
  Source Sans 3 Semibold
  Source Sans 3 Semibold Italic

Source Sans Pro
  Source Sans Pro
  Source Sans Pro Black
  Source Sans Pro Black Italic
  Source Sans Pro Bold
  Source Sans Pro Bold Italic
  Source Sans Pro ExtraLight
  Source Sans Pro ExtraLight Italic
  Source Sans Pro Italic
  Source Sans Pro Light
  Source Sans Pro Light Italic
  Source Sans Pro Semibold
  Source Sans Pro Semibold Italic

Source Serif Pro
  Source Serif Pro
  Source Serif Pro Black
  Source Serif Pro Black Italic
  Source Serif Pro Bold
  Source Serif Pro Bold Italic
  Source Serif Pro ExtraLight
  Source Serif Pro ExtraLight Italic
  Source Serif Pro Italic
  Source Serif Pro Light
  Source Serif Pro Light Italic
  Source Serif Pro Semibold
  Source Serif Pro Semibold Italic

Special Elite
  Special Elite

Standard Symbols L
  Standard Symbols L Regular

Standard Symbols PS
  Standard Symbols PS

URW Bookman
  URWBookman-Demi
  URWBookman-DemiItalic
  URWBookman-Light
  URWBookman-LightItalic

URW Bookman L
  URW Bookman L Demi Bold
  URW Bookman L Demi Bold Italic
  URW Bookman L Light
  URW Bookman L Light Italic

URW Chancery L
  URW Chancery L Medium Italic

URW Gothic
  URWGothic-Book
  URWGothic-BookOblique
  URWGothic-Demi
  URWGothic-DemiOblique

URW Gothic L
  URW Gothic L Book
  URW Gothic L Book Oblique
  URW Gothic L Demi
  URW Gothic L Demi Oblique

URW Palladio L
  URW Palladio L Bold
  URW Palladio L Bold Italic
  URW Palladio L Italic
  URW Palladio L Roman

UbuntuMono Nerd Font
  UbuntuMono Nerd Font
  UbuntuMono Nerd Font Bold
  UbuntuMono Nerd Font Bold Italic
  UbuntuMono Nerd Font Italic

UbuntuMono Nerd Font Mono
  UbuntuMono Nerd Font Mono
  UbuntuMono Nerd Font Mono Bold
  UbuntuMono Nerd Font Mono Bold Italic
  UbuntuMono Nerd Font Mono Italic

UbuntuMono Nerd Font Propo
  UbuntuMono Nerd Font Propo
  UbuntuMono Nerd Font Propo Bold
  UbuntuMono Nerd Font Propo Bold Italic
  UbuntuMono Nerd Font Propo Italic

Utopia
  Utopia Bold
  Utopia Bold Italic
  Utopia Italic
  Utopia Regular

Z003
  Z003-MediumItalic

cursor.pcf
  cursor.pcf Regular

deccurs.pcf
  deccurs.pcf Regular

decsess.pcf
  decsess.pcf Regular

gallant12x22
  gallant12x22

micro.pcf
  micro.pcf Regular

