spellchecker: disable
Adobe Courier
Adobe Helvetica
Adobe New Century Schoolbook
Adobe Times
Adobe Utopia
Adwaita Mono
Adwaita Sans
Arabic Newspaper
B&H Lucida
B&H LucidaBright
B&H LucidaTypewriter
Bitstream Charter
Bitstream Terminal
C059
Cantarell
Carlito
CaskaydiaCove Nerd Font,CaskaydiaCove NF
CaskaydiaCove Nerd Font,CaskaydiaCove NF,CaskaydiaCove NF ExtraLight
CaskaydiaCove Nerd Font,CaskaydiaCove NF,CaskaydiaCove NF Light
CaskaydiaCove Nerd Font,CaskaydiaCove NF,CaskaydiaCove NF SemiBold
CaskaydiaCove Nerd Font,CaskaydiaCove NF,CaskaydiaCove NF SemiLight
CaskaydiaCove Nerd Font Mono,CaskaydiaCove NFM
CaskaydiaCove Nerd Font Mono,CaskaydiaCove NFM,CaskaydiaCove NFM ExtraLight
CaskaydiaCove Nerd Font Mono,CaskaydiaCove NFM,CaskaydiaCove NFM Light
CaskaydiaCove Nerd Font Mono,CaskaydiaCove NFM,CaskaydiaCove NFM SemiBold
CaskaydiaCove Nerd Font Mono,CaskaydiaCove NFM,CaskaydiaCove NFM SemiLight
CaskaydiaCove Nerd Font Propo,CaskaydiaCove NFP
CaskaydiaCove Nerd Font Propo,CaskaydiaCove NFP,CaskaydiaCove NFP ExtraLight
CaskaydiaCove Nerd Font Propo,CaskaydiaCove NFP,CaskaydiaCove NFP Light
CaskaydiaCove Nerd Font Propo,CaskaydiaCove NFP,CaskaydiaCove NFP SemiBold
CaskaydiaCove Nerd Font Propo,CaskaydiaCove NFP,CaskaydiaCove NFP SemiLight
CaskaydiaMono Nerd Font,CaskaydiaMono NF
CaskaydiaMono Nerd Font,CaskaydiaMono NF,CaskaydiaMono NF ExtraLight
CaskaydiaMono Nerd Font,CaskaydiaMono NF,CaskaydiaMono NF Light
CaskaydiaMono Nerd Font,CaskaydiaMono NF,CaskaydiaMono NF SemiBold
CaskaydiaMono Nerd Font,CaskaydiaMono NF,CaskaydiaMono NF SemiLight
CaskaydiaMono Nerd Font Mono,CaskaydiaMono NFM
CaskaydiaMono Nerd Font Mono,CaskaydiaMono NFM,CaskaydiaMono NFM ExtraLight
CaskaydiaMono Nerd Font Mono,CaskaydiaMono NFM,CaskaydiaMono NFM Light
CaskaydiaMono Nerd Font Mono,CaskaydiaMono NFM,CaskaydiaMono NFM SemiBold
CaskaydiaMono Nerd Font Mono,CaskaydiaMono NFM,CaskaydiaMono NFM SemiLight
CaskaydiaMono Nerd Font Propo,CaskaydiaMono NFP
CaskaydiaMono Nerd Font Propo,CaskaydiaMono NFP,CaskaydiaMono NFP ExtraLight
CaskaydiaMono Nerd Font Propo,CaskaydiaMono NFP,CaskaydiaMono NFP Light
CaskaydiaMono Nerd Font Propo,CaskaydiaMono NFP,CaskaydiaMono NFP SemiBold
CaskaydiaMono Nerd Font Propo,CaskaydiaMono NFP,CaskaydiaMono NFP SemiLight
Century Schoolbook L
Classic Console
Courier
Courier 10 Pitch
Cursor
cursor.pcf
D050000L
deccurs.pcf
decsess.pcf
DEC Terminal
DejaVu Math TeX Gyre
DejaVu Sans
DejaVu Sans,DejaVu Sans Condensed
DejaVu Sans,DejaVu Sans Light
DejaVu Sans Mono
DejaVu Serif
DejaVu Serif,DejaVu Serif Condensed
Dingbats
East Syriac Adiabene
East Syriac Ctesiphon
Efont Biwidth
Efont Fixed
Efont Fixed Wide
Estrangelo Antioch
Estrangelo Edessa
Estrangelo Midyat
Estrangelo Nisibin
Estrangelo Nisibin Outline
Estrangelo Quenneshrin
Estrangelo Talada
Estrangelo TurAbdin
ETL Fixed
gallant12x22
Goha\-Tibeb Zemen
JetBrainsMono Nerd Font,JetBrainsMono NF
JetBrainsMono Nerd Font,JetBrainsMono NF,JetBrainsMono NF ExtraBold
JetBrainsMono Nerd Font,JetBrainsMono NF,JetBrainsMono NF ExtraLight
JetBrainsMono Nerd Font,JetBrainsMono NF,JetBrainsMono NF Light
JetBrainsMono Nerd Font,JetBrainsMono NF,JetBrainsMono NF Medium
JetBrainsMono Nerd Font,JetBrainsMono NF,JetBrainsMono NF SemiBold
JetBrainsMono Nerd Font,JetBrainsMono NF,JetBrainsMono NF Thin
JetBrainsMono Nerd Font Mono,JetBrainsMono NFM
JetBrainsMono Nerd Font Mono,JetBrainsMono NFM,JetBrainsMono NFM ExtraBold
JetBrainsMono Nerd Font Mono,JetBrainsMono NFM,JetBrainsMono NFM ExtraLight
JetBrainsMono Nerd Font Mono,JetBrainsMono NFM,JetBrainsMono NFM Light
JetBrainsMono Nerd Font Mono,JetBrainsMono NFM,JetBrainsMono NFM Medium
JetBrainsMono Nerd Font Mono,JetBrainsMono NFM,JetBrainsMono NFM SemiBold
JetBrainsMono Nerd Font Mono,JetBrainsMono NFM,JetBrainsMono NFM Thin
JetBrainsMono Nerd Font Propo,JetBrainsMono NFP
JetBrainsMono Nerd Font Propo,JetBrainsMono NFP,JetBrainsMono NFP ExtraBold
JetBrainsMono Nerd Font Propo,JetBrainsMono NFP,JetBrainsMono NFP ExtraLight
JetBrainsMono Nerd Font Propo,JetBrainsMono NFP,JetBrainsMono NFP Light
JetBrainsMono Nerd Font Propo,JetBrainsMono NFP,JetBrainsMono NFP Medium
JetBrainsMono Nerd Font Propo,JetBrainsMono NFP,JetBrainsMono NFP SemiBold
JetBrainsMono Nerd Font Propo,JetBrainsMono NFP,JetBrainsMono NFP Thin
JetBrainsMonoNL Nerd Font,JetBrainsMonoNL NF
JetBrainsMonoNL Nerd Font,JetBrainsMonoNL NF,JetBrainsMonoNL NF ExtraBold
JetBrainsMonoNL Nerd Font,JetBrainsMonoNL NF,JetBrainsMonoNL NF ExtraLight
JetBrainsMonoNL Nerd Font,JetBrainsMonoNL NF,JetBrainsMonoNL NF Light
JetBrainsMonoNL Nerd Font,JetBrainsMonoNL NF,JetBrainsMonoNL NF Medium
JetBrainsMonoNL Nerd Font,JetBrainsMonoNL NF,JetBrainsMonoNL NF SemiBold
JetBrainsMonoNL Nerd Font,JetBrainsMonoNL NF,JetBrainsMonoNL NF Thin
JetBrainsMonoNL Nerd Font Mono,JetBrainsMonoNL NFM
JetBrainsMonoNL Nerd Font Mono,JetBrainsMonoNL NFM,JetBrainsMonoNL NFM ExtraBold
JetBrainsMonoNL Nerd Font Mono,JetBrainsMonoNL NFM,JetBrainsMonoNL NFM ExtraLight
JetBrainsMonoNL Nerd Font Mono,JetBrainsMonoNL NFM,JetBrainsMonoNL NFM Light
JetBrainsMonoNL Nerd Font Mono,JetBrainsMonoNL NFM,JetBrainsMonoNL NFM Medium
JetBrainsMonoNL Nerd Font Mono,JetBrainsMonoNL NFM,JetBrainsMonoNL NFM SemiBold
JetBrainsMonoNL Nerd Font Mono,JetBrainsMonoNL NFM,JetBrainsMonoNL NFM Thin
JetBrainsMonoNL Nerd Font Propo,JetBrainsMonoNL NFP
JetBrainsMonoNL Nerd Font Propo,JetBrainsMonoNL NFP,JetBrainsMonoNL NFP ExtraBold
JetBrainsMonoNL Nerd Font Propo,JetBrainsMonoNL NFP,JetBrainsMonoNL NFP ExtraLight
JetBrainsMonoNL Nerd Font Propo,JetBrainsMonoNL NFP,JetBrainsMonoNL NFP Light
JetBrainsMonoNL Nerd Font Propo,JetBrainsMonoNL NFP,JetBrainsMonoNL NFP Medium
JetBrainsMonoNL Nerd Font Propo,JetBrainsMonoNL NFP,JetBrainsMonoNL NFP SemiBold
JetBrainsMonoNL Nerd Font Propo,JetBrainsMonoNL NFP,JetBrainsMonoNL NFP Thin
Liberation Mono
Liberation Sans
Liberation Serif
Luxi Mono
Luxi Sans
Luxi Serif
micro.pcf
Misc Fixed
Misc Fixed Wide
mtx
MUTT ClearlyU Alternate Glyphs Wide
MUTT ClearlyU PUA
MUTT ClearlyU Wide
Nimbus Mono L
Nimbus Mono PS
Nimbus Roman
Nimbus Roman No9 L
Nimbus Sans
Nimbus Sans L
Nimbus Sans Narrow
Noto Color Emoji
Noto Sans
Noto Sans Arabic
Noto Sans Arabic,Noto Sans Arabic Blk
Noto Sans Arabic,Noto Sans Arabic Cond
Noto Sans Arabic,Noto Sans Arabic Cond Blk
Noto Sans Arabic,Noto Sans Arabic Cond ExtBd
Noto Sans Arabic,Noto Sans Arabic Cond ExtLt
Noto Sans Arabic,Noto Sans Arabic Cond Light
Noto Sans Arabic,Noto Sans Arabic Cond Med
Noto Sans Arabic,Noto Sans Arabic Cond SemBd
Noto Sans Arabic,Noto Sans Arabic Cond Thin
Noto Sans Arabic,Noto Sans Arabic ExtBd
Noto Sans Arabic,Noto Sans Arabic ExtCond
Noto Sans Arabic,Noto Sans Arabic ExtCond Blk
Noto Sans Arabic,Noto Sans Arabic ExtCond ExtBd
Noto Sans Arabic,Noto Sans Arabic ExtCond ExtLt
Noto Sans Arabic,Noto Sans Arabic ExtCond Light
Noto Sans Arabic,Noto Sans Arabic ExtCond Med
Noto Sans Arabic,Noto Sans Arabic ExtCond SemBd
Noto Sans Arabic,Noto Sans Arabic ExtCond Thin
Noto Sans Arabic,Noto Sans Arabic ExtLt
Noto Sans Arabic,Noto Sans Arabic Light
Noto Sans Arabic,Noto Sans Arabic Med
Noto Sans Arabic,Noto Sans Arabic SemBd
Noto Sans Arabic,Noto Sans Arabic SemCond
Noto Sans Arabic,Noto Sans Arabic SemCond Blk
Noto Sans Arabic,Noto Sans Arabic SemCond ExtBd
Noto Sans Arabic,Noto Sans Arabic SemCond ExtLt
Noto Sans Arabic,Noto Sans Arabic SemCond Light
Noto Sans Arabic,Noto Sans Arabic SemCond Med
Noto Sans Arabic,Noto Sans Arabic SemCond SemBd
Noto Sans Arabic,Noto Sans Arabic SemCond Thin
Noto Sans Arabic,Noto Sans Arabic Thin
Noto Sans CJK JP
Noto Sans CJK KR
Noto Sans CJK SC
Noto Sans CJK TC
Noto Sans,Noto Sans Black
Noto Sans,Noto Sans Condensed
Noto Sans,Noto Sans Condensed Black
Noto Sans,Noto Sans Condensed ExtraBold
Noto Sans,Noto Sans Condensed ExtraLight
Noto Sans,Noto Sans Condensed Light
Noto Sans,Noto Sans Condensed Medium
Noto Sans,Noto Sans Condensed SemiBold
Noto Sans,Noto Sans Condensed Thin
Noto Sans,Noto Sans ExtraBold
Noto Sans,Noto Sans ExtraCondensed
Noto Sans,Noto Sans ExtraCondensed Black
Noto Sans,Noto Sans ExtraCondensed ExtraBold
Noto Sans,Noto Sans ExtraCondensed ExtraLight
Noto Sans,Noto Sans ExtraCondensed Light
Noto Sans,Noto Sans ExtraCondensed Medium
Noto Sans,Noto Sans ExtraCondensed SemiBold
Noto Sans,Noto Sans ExtraCondensed Thin
Noto Sans,Noto Sans ExtraLight
Noto Sans,Noto Sans Light
Noto Sans,Noto Sans Medium
Noto Sans,Noto Sans SemiBold
Noto Sans,Noto Sans SemiCondensed
Noto Sans,Noto Sans SemiCondensed Black
Noto Sans,Noto Sans SemiCondensed ExtraBold
Noto Sans,Noto Sans SemiCondensed ExtraLight
Noto Sans,Noto Sans SemiCondensed Light
Noto Sans,Noto Sans SemiCondensed Medium
Noto Sans,Noto Sans SemiCondensed SemiBold
Noto Sans,Noto Sans SemiCondensed Thin
Noto Sans,Noto Sans Thin
Noto Sans Symbols
Noto Sans Symbols 2
Noto Sans Symbols,Noto Sans Symbols Black
Noto Sans Symbols,Noto Sans Symbols ExtraBold
Noto Sans Symbols,Noto Sans Symbols ExtraLight
Noto Sans Symbols,Noto Sans Symbols Light
Noto Sans Symbols,Noto Sans Symbols Medium
Noto Sans Symbols,Noto Sans Symbols SemiBold
Noto Sans Symbols,Noto Sans Symbols Thin
OCR A
Open Sans
Open Sans,Open Sans Condensed
Open Sans,Open Sans Condensed ExtraBold
Open Sans,Open Sans Condensed Light
Open Sans,Open Sans Condensed SemiBold
Open Sans,Open Sans ExtraBold
Open Sans,Open Sans Light
Open Sans,Open Sans SemiBold
P052
Poppins
Poppins,Poppins Black
Poppins,Poppins ExtraBold
Poppins,Poppins ExtraLight
Poppins,Poppins Light
Poppins,Poppins Medium
Poppins,Poppins SemiBold
Poppins,Poppins Thin
Roboto
Roboto Condensed
Roboto Condensed,Roboto Condensed Light
Roboto Condensed,Roboto Condensed Medium
Roboto,Roboto Black
Roboto,Roboto Light
Roboto,Roboto Medium
Roboto,Roboto Thin
Schumacher Clean
Schumacher Clean Wide
Serto Batnan
Serto Jerusalem
Serto Jerusalem Outline
Serto Kharput
Serto Malankara
Serto Mardin
Serto Urhoy
Sony Fixed
Source Code Pro
Source Code Pro,Source Code Pro Black
Source Code Pro,Source Code Pro ExtraLight
Source Code Pro,Source Code Pro Light
Source Code Pro,Source Code Pro Medium
Source Code Pro,Source Code Pro Semibold
Source Sans 3
Source Sans 3,Source Sans 3 Black
Source Sans 3,Source Sans 3 ExtraLight
Source Sans 3,Source Sans 3 Light
Source Sans 3,Source Sans 3 Medium
Source Sans 3,Source Sans 3 Semibold
Source Sans Pro
Source Sans Pro,Source Sans Pro Black
Source Sans Pro,Source Sans Pro ExtraLight
Source Sans Pro,Source Sans Pro Light
Source Sans Pro,Source Sans Pro Semibold
Source Serif Pro
Source Serif Pro,Source Serif Pro Black
Source Serif Pro,Source Serif Pro ExtraLight
Source Serif Pro,Source Serif Pro Light
Source Serif Pro,Source Serif Pro Semibold
Special Elite
Standard Symbols L
Standard Symbols PS
STIXGeneral
UbuntuMono Nerd Font
UbuntuMono Nerd Font Mono
UbuntuMono Nerd Font Propo
URW Bookman
URW Bookman L
URW Chancery L
URW Gothic
URW Gothic L
URW Palladio L
Utopia
Z003
